src/App.tsx(2,27): error TS6142: Module './router' was resolved to 'C:/Users/mahdi/Documents/PFE/GRC platform/grc-ai-analyzer/frontend/src/router.tsx', but '--jsx' is not set.
src/App.tsx(6,5): error TS17004: Cannot use JSX unless the '--jsx' flag is provided.
src/App.tsx(7,7): error TS17004: Cannot use JSX unless the '--jsx' flag is provided.
src/components/compliance/ComplianceRadar.tsx(2,10): error TS1484: 'Conformite' is a type and must be imported using a type-only import when 'verbatimModuleSyntax' is enabled.
src/components/compliance/ComplianceRadar.tsx(22,9): error TS7026: JSX element implicitly has type 'any' because no interface 'JSX.IntrinsicElements' exists.
src/components/compliance/ComplianceRadar.tsx(22,9): error TS17004: Cannot use JSX unless the '--jsx' flag is provided.
src/components/compliance/ComplianceRadar.tsx(23,11): error TS7026: JSX element implicitly has type 'any' because no interface 'JSX.IntrinsicElements' exists.
src/components/compliance/ComplianceRadar.tsx(23,11): error TS17004: Cannot use JSX unless the '--jsx' flag is provided.
src/components/compliance/ComplianceRadar.tsx(23,83): error TS7026: JSX element implicitly has type 'any' because no interface 'JSX.IntrinsicElements' exists.
src/components/compliance/ComplianceRadar.tsx(24,11): error TS7026: JSX element implicitly has type 'any' because no interface 'JSX.IntrinsicElements' exists.
src/components/compliance/ComplianceRadar.tsx(24,11): error TS17004: Cannot use JSX unless the '--jsx' flag is provided.
src/components/compliance/ComplianceRadar.tsx(24,85): error TS7026: JSX element implicitly has type 'any' because no interface 'JSX.IntrinsicElements' exists.
src/components/compliance/ComplianceRadar.tsx(25,9): error TS7026: JSX element implicitly has type 'any' because no interface 'JSX.IntrinsicElements' exists.
src/components/compliance/ComplianceRadar.tsx(32,5): error TS7026: JSX element implicitly has type 'any' because no interface 'JSX.IntrinsicElements' exists.
src/components/compliance/ComplianceRadar.tsx(32,5): error TS17004: Cannot use JSX unless the '--jsx' flag is provided.
src/components/compliance/ComplianceRadar.tsx(33,7): error TS17004: Cannot use JSX unless the '--jsx' flag is provided.
src/components/compliance/ComplianceRadar.tsx(34,9): error TS17004: Cannot use JSX unless the '--jsx' flag is provided.
src/components/compliance/ComplianceRadar.tsx(35,11): error TS17004: Cannot use JSX unless the '--jsx' flag is provided.
src/components/compliance/ComplianceRadar.tsx(36,11): error TS17004: Cannot use JSX unless the '--jsx' flag is provided.
src/components/compliance/ComplianceRadar.tsx(37,11): error TS17004: Cannot use JSX unless the '--jsx' flag is provided.
src/components/compliance/ComplianceRadar.tsx(38,11): error TS17004: Cannot use JSX unless the '--jsx' flag is provided.
src/components/compliance/ComplianceRadar.tsx(38,29): error TS17004: Cannot use JSX unless the '--jsx' flag is provided.
src/components/compliance/ComplianceRadar.tsx(39,11): error TS17004: Cannot use JSX unless the '--jsx' flag is provided.
src/components/compliance/ComplianceRadar.tsx(42,5): error TS7026: JSX element implicitly has type 'any' because no interface 'JSX.IntrinsicElements' exists.
src/components/dashboard/KPICard.tsx(1,27): error TS7016: Could not find a declaration file for module 'react'. 'C:/Users/mahdi/Documents/PFE/GRC platform/grc-ai-analyzer/frontend/node_modules/react/index.js' implicitly has an 'any' type.
  Try `npm i --save-dev @types/react` if it exists or add a new declaration (.d.ts) file containing `declare module 'react';`
src/components/dashboard/KPICard.tsx(19,5): error TS7026: JSX element implicitly has type 'any' because no interface 'JSX.IntrinsicElements' exists.
src/components/dashboard/KPICard.tsx(19,5): error TS17004: Cannot use JSX unless the '--jsx' flag is provided.
src/components/dashboard/KPICard.tsx(20,7): error TS7026: JSX element implicitly has type 'any' because no interface 'JSX.IntrinsicElements' exists.
src/components/dashboard/KPICard.tsx(20,7): error TS17004: Cannot use JSX unless the '--jsx' flag is provided.
src/components/dashboard/KPICard.tsx(21,9): error TS7026: JSX element implicitly has type 'any' because no interface 'JSX.IntrinsicElements' exists.
src/components/dashboard/KPICard.tsx(21,9): error TS17004: Cannot use JSX unless the '--jsx' flag is provided.
src/components/dashboard/KPICard.tsx(21,89): error TS7026: JSX element implicitly has type 'any' because no interface 'JSX.IntrinsicElements' exists.
src/components/dashboard/KPICard.tsx(22,9): error TS7026: JSX element implicitly has type 'any' because no interface 'JSX.IntrinsicElements' exists.
src/components/dashboard/KPICard.tsx(22,9): error TS17004: Cannot use JSX unless the '--jsx' flag is provided.
src/components/dashboard/KPICard.tsx(22,62): error TS7026: JSX element implicitly has type 'any' because no interface 'JSX.IntrinsicElements' exists.
src/components/dashboard/KPICard.tsx(23,7): error TS7026: JSX element implicitly has type 'any' because no interface 'JSX.IntrinsicElements' exists.
src/components/dashboard/KPICard.tsx(24,7): error TS7026: JSX element implicitly has type 'any' because no interface 'JSX.IntrinsicElements' exists.
src/components/dashboard/KPICard.tsx(24,7): error TS17004: Cannot use JSX unless the '--jsx' flag is provided.
src/components/dashboard/KPICard.tsx(25,9): error TS7026: JSX element implicitly has type 'any' because no interface 'JSX.IntrinsicElements' exists.
src/components/dashboard/KPICard.tsx(25,9): error TS17004: Cannot use JSX unless the '--jsx' flag is provided.
src/components/dashboard/KPICard.tsx(25,52): error TS7026: JSX element implicitly has type 'any' because no interface 'JSX.IntrinsicElements' exists.
src/components/dashboard/KPICard.tsx(27,11): error TS7026: JSX element implicitly has type 'any' because no interface 'JSX.IntrinsicElements' exists.
src/components/dashboard/KPICard.tsx(27,11): error TS17004: Cannot use JSX unless the '--jsx' flag is provided.
src/components/dashboard/KPICard.tsx(29,15): error TS7026: JSX element implicitly has type 'any' because no interface 'JSX.IntrinsicElements' exists.
src/components/dashboard/KPICard.tsx(29,15): error TS17004: Cannot use JSX unless the '--jsx' flag is provided.
src/components/dashboard/KPICard.tsx(31,15): error TS7026: JSX element implicitly has type 'any' because no interface 'JSX.IntrinsicElements' exists.
src/components/dashboard/KPICard.tsx(34,11): error TS7026: JSX element implicitly has type 'any' because no interface 'JSX.IntrinsicElements' exists.
src/components/dashboard/KPICard.tsx(36,7): error TS7026: JSX element implicitly has type 'any' because no interface 'JSX.IntrinsicElements' exists.
src/components/dashboard/KPICard.tsx(37,5): error TS7026: JSX element implicitly has type 'any' because no interface 'JSX.IntrinsicElements' exists.
src/components/dashboard/ScoreGauge.tsx(23,5): error TS7026: JSX element implicitly has type 'any' because no interface 'JSX.IntrinsicElements' exists.
src/components/dashboard/ScoreGauge.tsx(23,5): error TS17004: Cannot use JSX unless the '--jsx' flag is provided.
src/components/dashboard/ScoreGauge.tsx(24,7): error TS7026: JSX element implicitly has type 'any' because no interface 'JSX.IntrinsicElements' exists.
src/components/dashboard/ScoreGauge.tsx(24,7): error TS17004: Cannot use JSX unless the '--jsx' flag is provided.
src/components/dashboard/ScoreGauge.tsx(24,77): error TS7026: JSX element implicitly has type 'any' because no interface 'JSX.IntrinsicElements' exists.
src/components/dashboard/ScoreGauge.tsx(25,7): error TS7026: JSX element implicitly has type 'any' because no interface 'JSX.IntrinsicElements' exists.
src/components/dashboard/ScoreGauge.tsx(25,7): error TS17004: Cannot use JSX unless the '--jsx' flag is provided.
src/components/dashboard/ScoreGauge.tsx(26,9): error TS17004: Cannot use JSX unless the '--jsx' flag is provided.
src/components/dashboard/ScoreGauge.tsx(27,11): error TS17004: Cannot use JSX unless the '--jsx' flag is provided.
src/components/dashboard/ScoreGauge.tsx(28,13): error TS17004: Cannot use JSX unless the '--jsx' flag is provided.
src/components/dashboard/ScoreGauge.tsx(41,17): error TS17004: Cannot use JSX unless the '--jsx' flag is provided.
src/components/dashboard/ScoreGauge.tsx(44,13): error TS17004: Cannot use JSX unless the '--jsx' flag is provided.
src/components/dashboard/ScoreGauge.tsx(44,22): error TS2322: Type '(value: number) => string[]' is not assignable to type 'Formatter<number, NameType> & ((value: number, name: NameType, item: Payload<number, NameType>, index: number, payload: Payload<number, NameType>[]) => any)'.
  Type '(value: number) => string[]' is not assignable to type 'Formatter<number, NameType>'.
    Types of parameters 'value' and 'value' are incompatible.
      Type 'number | undefined' is not assignable to type 'number'.
        Type 'undefined' is not assignable to type 'number'.
src/components/dashboard/ScoreGauge.tsx(47,9): error TS7026: JSX element implicitly has type 'any' because no interface 'JSX.IntrinsicElements' exists.
src/components/dashboard/ScoreGauge.tsx(47,9): error TS17004: Cannot use JSX unless the '--jsx' flag is provided.
src/components/dashboard/ScoreGauge.tsx(48,11): error TS7026: JSX element implicitly has type 'any' because no interface 'JSX.IntrinsicElements' exists.
src/components/dashboard/ScoreGauge.tsx(48,11): error TS17004: Cannot use JSX unless the '--jsx' flag is provided.
src/components/dashboard/ScoreGauge.tsx(50,11): error TS7026: JSX element implicitly has type 'any' because no interface 'JSX.IntrinsicElements' exists.
src/components/dashboard/ScoreGauge.tsx(51,9): error TS7026: JSX element implicitly has type 'any' because no interface 'JSX.IntrinsicElements' exists.
src/components/dashboard/ScoreGauge.tsx(52,7): error TS7026: JSX element implicitly has type 'any' because no interface 'JSX.IntrinsicElements' exists.
src/components/dashboard/ScoreGauge.tsx(53,5): error TS7026: JSX element implicitly has type 'any' because no interface 'JSX.IntrinsicElements' exists.
src/components/layout/Layout.tsx(2,25): error TS6142: Module './Sidebar' was resolved to 'C:/Users/mahdi/Documents/PFE/GRC platform/grc-ai-analyzer/frontend/src/components/layout/Sidebar.tsx', but '--jsx' is not set.
src/components/layout/Layout.tsx(3,24): error TS6142: Module './Navbar' was resolved to 'C:/Users/mahdi/Documents/PFE/GRC platform/grc-ai-analyzer/frontend/src/components/layout/Navbar.tsx', but '--jsx' is not set.
src/components/layout/Layout.tsx(7,5): error TS7026: JSX element implicitly has type 'any' because no interface 'JSX.IntrinsicElements' exists.
src/components/layout/Layout.tsx(7,5): error TS17004: Cannot use JSX unless the '--jsx' flag is provided.
src/components/layout/Layout.tsx(8,7): error TS17004: Cannot use JSX unless the '--jsx' flag is provided.
src/components/layout/Layout.tsx(9,7): error TS7026: JSX element implicitly has type 'any' because no interface 'JSX.IntrinsicElements' exists.
src/components/layout/Layout.tsx(9,7): error TS17004: Cannot use JSX unless the '--jsx' flag is provided.
src/components/layout/Layout.tsx(10,9): error TS17004: Cannot use JSX unless the '--jsx' flag is provided.
src/components/layout/Layout.tsx(11,9): error TS7026: JSX element implicitly has type 'any' because no interface 'JSX.IntrinsicElements' exists.
src/components/layout/Layout.tsx(11,9): error TS17004: Cannot use JSX unless the '--jsx' flag is provided.
src/components/layout/Layout.tsx(12,11): error TS17004: Cannot use JSX unless the '--jsx' flag is provided.
src/components/layout/Layout.tsx(13,9): error TS7026: JSX element implicitly has type 'any' because no interface 'JSX.IntrinsicElements' exists.
src/components/layout/Layout.tsx(14,7): error TS7026: JSX element implicitly has type 'any' because no interface 'JSX.IntrinsicElements' exists.
src/components/layout/Layout.tsx(15,5): error TS7026: JSX element implicitly has type 'any' because no interface 'JSX.IntrinsicElements' exists.
src/components/layout/Navbar.tsx(15,5): error TS7026: JSX element implicitly has type 'any' because no interface 'JSX.IntrinsicElements' exists.
src/components/layout/Navbar.tsx(15,5): error TS17004: Cannot use JSX unless the '--jsx' flag is provided.
src/components/layout/Navbar.tsx(16,7): error TS7026: JSX element implicitly has type 'any' because no interface 'JSX.IntrinsicElements' exists.
src/components/layout/Navbar.tsx(16,7): error TS17004: Cannot use JSX unless the '--jsx' flag is provided.
src/components/layout/Navbar.tsx(17,7): error TS7026: JSX element implicitly has type 'any' because no interface 'JSX.IntrinsicElements' exists.
src/components/layout/Navbar.tsx(17,7): error TS17004: Cannot use JSX unless the '--jsx' flag is provided.
src/components/layout/Navbar.tsx(18,9): error TS7026: JSX element implicitly has type 'any' because no interface 'JSX.IntrinsicElements' exists.
src/components/layout/Navbar.tsx(18,9): error TS17004: Cannot use JSX unless the '--jsx' flag is provided.
src/components/layout/Navbar.tsx(19,11): error TS17004: Cannot use JSX unless the '--jsx' flag is provided.
src/components/layout/Navbar.tsx(20,11): error TS7026: JSX element implicitly has type 'any' because no interface 'JSX.IntrinsicElements' exists.
src/components/layout/Navbar.tsx(20,11): error TS17004: Cannot use JSX unless the '--jsx' flag is provided.
src/components/layout/Navbar.tsx(20,69): error TS7026: JSX element implicitly has type 'any' because no interface 'JSX.IntrinsicElements' exists.
src/components/layout/Navbar.tsx(21,11): error TS7026: JSX element implicitly has type 'any' because no interface 'JSX.IntrinsicElements' exists.
src/components/layout/Navbar.tsx(21,11): error TS17004: Cannot use JSX unless the '--jsx' flag is provided.
src/components/layout/Navbar.tsx(23,11): error TS7026: JSX element implicitly has type 'any' because no interface 'JSX.IntrinsicElements' exists.
src/components/layout/Navbar.tsx(24,9): error TS7026: JSX element implicitly has type 'any' because no interface 'JSX.IntrinsicElements' exists.
src/components/layout/Navbar.tsx(25,9): error TS7026: JSX element implicitly has type 'any' because no interface 'JSX.IntrinsicElements' exists.
src/components/layout/Navbar.tsx(25,9): error TS17004: Cannot use JSX unless the '--jsx' flag is provided.
src/components/layout/Navbar.tsx(30,11): error TS17004: Cannot use JSX unless the '--jsx' flag is provided.
src/components/layout/Navbar.tsx(31,9): error TS7026: JSX element implicitly has type 'any' because no interface 'JSX.IntrinsicElements' exists.
src/components/layout/Navbar.tsx(32,7): error TS7026: JSX element implicitly has type 'any' because no interface 'JSX.IntrinsicElements' exists.
src/components/layout/Navbar.tsx(33,5): error TS7026: JSX element implicitly has type 'any' because no interface 'JSX.IntrinsicElements' exists.
src/components/layout/Sidebar.tsx(2,37): error TS6133: 'ShieldAlert' is declared but its value is never read.
src/components/layout/Sidebar.tsx(2,50): error TS6133: 'CheckCircle' is declared but its value is never read.
src/components/layout/Sidebar.tsx(2,63): error TS6133: 'TrendingUp' is declared but its value is never read.
src/components/layout/Sidebar.tsx(12,5): error TS7026: JSX element implicitly has type 'any' because no interface 'JSX.IntrinsicElements' exists.
src/components/layout/Sidebar.tsx(12,5): error TS17004: Cannot use JSX unless the '--jsx' flag is provided.
src/components/layout/Sidebar.tsx(13,7): error TS7026: JSX element implicitly has type 'any' because no interface 'JSX.IntrinsicElements' exists.
src/components/layout/Sidebar.tsx(13,7): error TS17004: Cannot use JSX unless the '--jsx' flag is provided.
src/components/layout/Sidebar.tsx(14,9): error TS17004: Cannot use JSX unless the '--jsx' flag is provided.
src/components/layout/Sidebar.tsx(15,9): error TS7026: JSX element implicitly has type 'any' because no interface 'JSX.IntrinsicElements' exists.
src/components/layout/Sidebar.tsx(15,9): error TS17004: Cannot use JSX unless the '--jsx' flag is provided.
src/components/layout/Sidebar.tsx(16,15): error TS7026: JSX element implicitly has type 'any' because no interface 'JSX.IntrinsicElements' exists.
src/components/layout/Sidebar.tsx(16,15): error TS17004: Cannot use JSX unless the '--jsx' flag is provided.
src/components/layout/Sidebar.tsx(16,48): error TS7026: JSX element implicitly has type 'any' because no interface 'JSX.IntrinsicElements' exists.
src/components/layout/Sidebar.tsx(17,9): error TS7026: JSX element implicitly has type 'any' because no interface 'JSX.IntrinsicElements' exists.
src/components/layout/Sidebar.tsx(18,7): error TS7026: JSX element implicitly has type 'any' because no interface 'JSX.IntrinsicElements' exists.
src/components/layout/Sidebar.tsx(19,7): error TS7026: JSX element implicitly has type 'any' because no interface 'JSX.IntrinsicElements' exists.
src/components/layout/Sidebar.tsx(19,7): error TS17004: Cannot use JSX unless the '--jsx' flag is provided.
src/components/layout/Sidebar.tsx(21,11): error TS17004: Cannot use JSX unless the '--jsx' flag is provided.
src/components/layout/Sidebar.tsx(24,27): error TS7031: Binding element 'isActive' implicitly has an 'any' type.
src/components/layout/Sidebar.tsx(33,13): error TS17004: Cannot use JSX unless the '--jsx' flag is provided.
src/components/layout/Sidebar.tsx(37,7): error TS7026: JSX element implicitly has type 'any' because no interface 'JSX.IntrinsicElements' exists.
src/components/layout/Sidebar.tsx(38,7): error TS7026: JSX element implicitly has type 'any' because no interface 'JSX.IntrinsicElements' exists.
src/components/layout/Sidebar.tsx(38,7): error TS17004: Cannot use JSX unless the '--jsx' flag is provided.
src/components/layout/Sidebar.tsx(40,7): error TS7026: JSX element implicitly has type 'any' because no interface 'JSX.IntrinsicElements' exists.
src/components/layout/Sidebar.tsx(41,5): error TS7026: JSX element implicitly has type 'any' because no interface 'JSX.IntrinsicElements' exists.
src/components/risks/RiskMatrix.tsx(2,10): error TS1484: 'Risque' is a type and must be imported using a type-only import when 'verbatimModuleSyntax' is enabled.
src/components/risks/RiskMatrix.tsx(44,9): error TS7026: JSX element implicitly has type 'any' because no interface 'JSX.IntrinsicElements' exists.
src/components/risks/RiskMatrix.tsx(44,9): error TS17004: Cannot use JSX unless the '--jsx' flag is provided.
src/components/risks/RiskMatrix.tsx(45,11): error TS7026: JSX element implicitly has type 'any' because no interface 'JSX.IntrinsicElements' exists.
src/components/risks/RiskMatrix.tsx(45,11): error TS17004: Cannot use JSX unless the '--jsx' flag is provided.
src/components/risks/RiskMatrix.tsx(45,85): error TS7026: JSX element implicitly has type 'any' because no interface 'JSX.IntrinsicElements' exists.
src/components/risks/RiskMatrix.tsx(46,11): error TS7026: JSX element implicitly has type 'any' because no interface 'JSX.IntrinsicElements' exists.
src/components/risks/RiskMatrix.tsx(46,11): error TS17004: Cannot use JSX unless the '--jsx' flag is provided.
src/components/risks/RiskMatrix.tsx(47,62): error TS7026: JSX element implicitly has type 'any' because no interface 'JSX.IntrinsicElements' exists.
src/components/risks/RiskMatrix.tsx(47,62): error TS17004: Cannot use JSX unless the '--jsx' flag is provided.
src/components/risks/RiskMatrix.tsx(47,77): error TS7026: JSX element implicitly has type 'any' because no interface 'JSX.IntrinsicElements' exists.
src/components/risks/RiskMatrix.tsx(48,34): error TS7026: JSX element implicitly has type 'any' because no interface 'JSX.IntrinsicElements' exists.
src/components/risks/RiskMatrix.tsx(48,34): error TS17004: Cannot use JSX unless the '--jsx' flag is provided.
src/components/risks/RiskMatrix.tsx(48,68): error TS7026: JSX element implicitly has type 'any' because no interface 'JSX.IntrinsicElements' exists.
src/components/risks/RiskMatrix.tsx(49,11): error TS7026: JSX element implicitly has type 'any' because no interface 'JSX.IntrinsicElements' exists.
src/components/risks/RiskMatrix.tsx(50,9): error TS7026: JSX element implicitly has type 'any' because no interface 'JSX.IntrinsicElements' exists.
src/components/risks/RiskMatrix.tsx(57,5): error TS7026: JSX element implicitly has type 'any' because no interface 'JSX.IntrinsicElements' exists.
src/components/risks/RiskMatrix.tsx(57,5): error TS17004: Cannot use JSX unless the '--jsx' flag is provided.
src/components/risks/RiskMatrix.tsx(58,7): error TS7026: JSX element implicitly has type 'any' because no interface 'JSX.IntrinsicElements' exists.
src/components/risks/RiskMatrix.tsx(58,7): error TS17004: Cannot use JSX unless the '--jsx' flag is provided.
src/components/risks/RiskMatrix.tsx(58,98): error TS7026: JSX element implicitly has type 'any' because no interface 'JSX.IntrinsicElements' exists.
src/components/risks/RiskMatrix.tsx(59,7): error TS17004: Cannot use JSX unless the '--jsx' flag is provided.
src/components/risks/RiskMatrix.tsx(60,9): error TS17004: Cannot use JSX unless the '--jsx' flag is provided.
src/components/risks/RiskMatrix.tsx(61,11): error TS17004: Cannot use JSX unless the '--jsx' flag is provided.
src/components/risks/RiskMatrix.tsx(62,11): error TS17004: Cannot use JSX unless the '--jsx' flag is provided.
src/components/risks/RiskMatrix.tsx(63,11): error TS17004: Cannot use JSX unless the '--jsx' flag is provided.
src/components/risks/RiskMatrix.tsx(64,11): error TS17004: Cannot use JSX unless the '--jsx' flag is provided.
src/components/risks/RiskMatrix.tsx(65,11): error TS17004: Cannot use JSX unless the '--jsx' flag is provided.
src/components/risks/RiskMatrix.tsx(65,29): error TS17004: Cannot use JSX unless the '--jsx' flag is provided.
src/components/risks/RiskMatrix.tsx(66,11): error TS17004: Cannot use JSX unless the '--jsx' flag is provided.
src/components/risks/RiskMatrix.tsx(68,15): error TS17004: Cannot use JSX unless the '--jsx' flag is provided.
src/components/risks/RiskMatrix.tsx(73,5): error TS7026: JSX element implicitly has type 'any' because no interface 'JSX.IntrinsicElements' exists.
src/pages/Analysis.tsx(1,37): error TS7016: Could not find a declaration file for module 'react'. 'C:/Users/mahdi/Documents/PFE/GRC platform/grc-ai-analyzer/frontend/node_modules/react/index.js' implicitly has an 'any' type.
  Try `npm i --save-dev @types/react` if it exists or add a new declaration (.d.ts) file containing `declare module 'react';`
src/pages/Analysis.tsx(19,10): error TS1484: 'Analyse' is a type and must be imported using a type-only import when 'verbatimModuleSyntax' is enabled.
src/pages/Analysis.tsx(19,19): error TS1484: 'Risque' is a type and must be imported using a type-only import when 'verbatimModuleSyntax' is enabled.
src/pages/Analysis.tsx(19,27): error TS1484: 'Conformite' is a type and must be imported using a type-only import when 'verbatimModuleSyntax' is enabled.
src/pages/Analysis.tsx(19,39): error TS1484: 'Recommandation' is a type and must be imported using a type-only import when 'verbatimModuleSyntax' is enabled.
src/pages/Analysis.tsx(20,28): error TS6142: Module '../components/risks/RiskMatrix' was resolved to 'C:/Users/mahdi/Documents/PFE/GRC platform/grc-ai-analyzer/frontend/src/components/risks/RiskMatrix.tsx', but '--jsx' is not set.
src/pages/Analysis.tsx(21,33): error TS6142: Module '../components/compliance/ComplianceRadar' was resolved to 'C:/Users/mahdi/Documents/PFE/GRC platform/grc-ai-analyzer/frontend/src/components/compliance/ComplianceRadar.tsx', but '--jsx' is not set.
src/pages/Analysis.tsx(66,32): error TS2503: Cannot find namespace 'React'.
src/pages/Analysis.tsx(72,20): error TS7006: Parameter 'prev' implicitly has an 'any' type.
src/pages/Analysis.tsx(77,22): error TS7006: Parameter 'prev' implicitly has an 'any' type.
src/pages/Analysis.tsx(82,22): error TS7006: Parameter 'prev' implicitly has an 'any' type.
src/pages/Analysis.tsx(93,26): error TS7006: Parameter 'prev' implicitly has an 'any' type.
src/pages/Analysis.tsx(93,43): error TS7006: Parameter 'r' implicitly has an 'any' type.
src/pages/Analysis.tsx(101,7): error TS7026: JSX element implicitly has type 'any' because no interface 'JSX.IntrinsicElements' exists.
src/pages/Analysis.tsx(101,7): error TS17004: Cannot use JSX unless the '--jsx' flag is provided.
src/pages/Analysis.tsx(102,9): error TS17004: Cannot use JSX unless the '--jsx' flag is provided.
src/pages/Analysis.tsx(103,9): error TS7026: JSX element implicitly has type 'any' because no interface 'JSX.IntrinsicElements' exists.
src/pages/Analysis.tsx(103,9): error TS17004: Cannot use JSX unless the '--jsx' flag is provided.
src/pages/Analysis.tsx(103,104): error TS7026: JSX element implicitly has type 'any' because no interface 'JSX.IntrinsicElements' exists.
src/pages/Analysis.tsx(104,7): error TS7026: JSX element implicitly has type 'any' because no interface 'JSX.IntrinsicElements' exists.
src/pages/Analysis.tsx(110,7): error TS7026: JSX element implicitly has type 'any' because no interface 'JSX.IntrinsicElements' exists.
src/pages/Analysis.tsx(110,7): error TS17004: Cannot use JSX unless the '--jsx' flag is provided.
src/pages/Analysis.tsx(111,9): error TS17004: Cannot use JSX unless the '--jsx' flag is provided.
src/pages/Analysis.tsx(112,9): error TS7026: JSX element implicitly has type 'any' because no interface 'JSX.IntrinsicElements' exists.
src/pages/Analysis.tsx(112,9): error TS17004: Cannot use JSX unless the '--jsx' flag is provided.
src/pages/Analysis.tsx(112,66): error TS7026: JSX element implicitly has type 'any' because no interface 'JSX.IntrinsicElements' exists.
src/pages/Analysis.tsx(113,7): error TS7026: JSX element implicitly has type 'any' because no interface 'JSX.IntrinsicElements' exists.
src/pages/Analysis.tsx(119,7): error TS7026: JSX element implicitly has type 'any' because no interface 'JSX.IntrinsicElements' exists.
src/pages/Analysis.tsx(119,7): error TS17004: Cannot use JSX unless the '--jsx' flag is provided.
src/pages/Analysis.tsx(120,9): error TS7026: JSX element implicitly has type 'any' because no interface 'JSX.IntrinsicElements' exists.
src/pages/Analysis.tsx(120,9): error TS17004: Cannot use JSX unless the '--jsx' flag is provided.
src/pages/Analysis.tsx(121,11): error TS17004: Cannot use JSX unless the '--jsx' flag is provided.
src/pages/Analysis.tsx(122,9): error TS7026: JSX element implicitly has type 'any' because no interface 'JSX.IntrinsicElements' exists.
src/pages/Analysis.tsx(123,9): error TS7026: JSX element implicitly has type 'any' because no interface 'JSX.IntrinsicElements' exists.
src/pages/Analysis.tsx(123,9): error TS17004: Cannot use JSX unless the '--jsx' flag is provided.
src/pages/Analysis.tsx(123,83): error TS7026: JSX element implicitly has type 'any' because no interface 'JSX.IntrinsicElements' exists.
src/pages/Analysis.tsx(124,9): error TS7026: JSX element implicitly has type 'any' because no interface 'JSX.IntrinsicElements' exists.
src/pages/Analysis.tsx(124,9): error TS17004: Cannot use JSX unless the '--jsx' flag is provided.
src/pages/Analysis.tsx(128,9): error TS7026: JSX element implicitly has type 'any' because no interface 'JSX.IntrinsicElements' exists.
src/pages/Analysis.tsx(129,9): error TS7026: JSX element implicitly has type 'any' because no interface 'JSX.IntrinsicElements' exists.
src/pages/Analysis.tsx(129,9): error TS17004: Cannot use JSX unless the '--jsx' flag is provided.
src/pages/Analysis.tsx(134,9): error TS7026: JSX element implicitly has type 'any' because no interface 'JSX.IntrinsicElements' exists.
src/pages/Analysis.tsx(135,7): error TS7026: JSX element implicitly has type 'any' because no interface 'JSX.IntrinsicElements' exists.
src/pages/Analysis.tsx(140,5): error TS7026: JSX element implicitly has type 'any' because no interface 'JSX.IntrinsicElements' exists.
src/pages/Analysis.tsx(140,5): error TS17004: Cannot use JSX unless the '--jsx' flag is provided.
src/pages/Analysis.tsx(141,7): error TS7026: JSX element implicitly has type 'any' because no interface 'JSX.IntrinsicElements' exists.
src/pages/Analysis.tsx(141,7): error TS17004: Cannot use JSX unless the '--jsx' flag is provided.
src/pages/Analysis.tsx(142,9): error TS7026: JSX element implicitly has type 'any' because no interface 'JSX.IntrinsicElements' exists.
src/pages/Analysis.tsx(142,9): error TS17004: Cannot use JSX unless the '--jsx' flag is provided.
src/pages/Analysis.tsx(143,11): error TS7026: JSX element implicitly has type 'any' because no interface 'JSX.IntrinsicElements' exists.
src/pages/Analysis.tsx(143,11): error TS17004: Cannot use JSX unless the '--jsx' flag is provided.
src/pages/Analysis.tsx(143,83): error TS7026: JSX element implicitly has type 'any' because no interface 'JSX.IntrinsicElements' exists.
src/pages/Analysis.tsx(144,11): error TS7026: JSX element implicitly has type 'any' because no interface 'JSX.IntrinsicElements' exists.
src/pages/Analysis.tsx(144,11): error TS17004: Cannot use JSX unless the '--jsx' flag is provided.
src/pages/Analysis.tsx(146,13): error TS7026: JSX element implicitly has type 'any' because no interface 'JSX.IntrinsicElements' exists.
src/pages/Analysis.tsx(146,13): error TS17004: Cannot use JSX unless the '--jsx' flag is provided.
src/pages/Analysis.tsx(148,13): error TS7026: JSX element implicitly has type 'any' because no interface 'JSX.IntrinsicElements' exists.
src/pages/Analysis.tsx(149,11): error TS7026: JSX element implicitly has type 'any' because no interface 'JSX.IntrinsicElements' exists.
src/pages/Analysis.tsx(150,9): error TS7026: JSX element implicitly has type 'any' because no interface 'JSX.IntrinsicElements' exists.
src/pages/Analysis.tsx(151,9): error TS7026: JSX element implicitly has type 'any' because no interface 'JSX.IntrinsicElements' exists.
src/pages/Analysis.tsx(151,9): error TS17004: Cannot use JSX unless the '--jsx' flag is provided.
src/pages/Analysis.tsx(152,11): error TS7026: JSX element implicitly has type 'any' because no interface 'JSX.IntrinsicElements' exists.
src/pages/Analysis.tsx(152,11): error TS17004: Cannot use JSX unless the '--jsx' flag is provided.
src/pages/Analysis.tsx(153,13): error TS17004: Cannot use JSX unless the '--jsx' flag is provided.
src/pages/Analysis.tsx(154,11): error TS7026: JSX element implicitly has type 'any' because no interface 'JSX.IntrinsicElements' exists.
src/pages/Analysis.tsx(155,11): error TS7026: JSX element implicitly has type 'any' because no interface 'JSX.IntrinsicElements' exists.
src/pages/Analysis.tsx(155,11): error TS17004: Cannot use JSX unless the '--jsx' flag is provided.
src/pages/Analysis.tsx(156,13): error TS17004: Cannot use JSX unless the '--jsx' flag is provided.
src/pages/Analysis.tsx(157,11): error TS7026: JSX element implicitly has type 'any' because no interface 'JSX.IntrinsicElements' exists.
src/pages/Analysis.tsx(158,9): error TS7026: JSX element implicitly has type 'any' because no interface 'JSX.IntrinsicElements' exists.
src/pages/Analysis.tsx(159,7): error TS7026: JSX element implicitly has type 'any' because no interface 'JSX.IntrinsicElements' exists.
src/pages/Analysis.tsx(161,7): error TS17004: Cannot use JSX unless the '--jsx' flag is provided.
src/pages/Analysis.tsx(162,9): error TS17004: Cannot use JSX unless the '--jsx' flag is provided.
src/pages/Analysis.tsx(163,11): error TS17004: Cannot use JSX unless the '--jsx' flag is provided.
src/pages/Analysis.tsx(164,13): error TS17004: Cannot use JSX unless the '--jsx' flag is provided.
src/pages/Analysis.tsx(166,11): error TS17004: Cannot use JSX unless the '--jsx' flag is provided.
src/pages/Analysis.tsx(167,13): error TS17004: Cannot use JSX unless the '--jsx' flag is provided.
src/pages/Analysis.tsx(169,11): error TS17004: Cannot use JSX unless the '--jsx' flag is provided.
src/pages/Analysis.tsx(170,13): error TS17004: Cannot use JSX unless the '--jsx' flag is provided.
src/pages/Analysis.tsx(172,11): error TS17004: Cannot use JSX unless the '--jsx' flag is provided.
src/pages/Analysis.tsx(173,13): error TS17004: Cannot use JSX unless the '--jsx' flag is provided.
src/pages/Analysis.tsx(175,11): error TS17004: Cannot use JSX unless the '--jsx' flag is provided.
src/pages/Analysis.tsx(176,13): error TS17004: Cannot use JSX unless the '--jsx' flag is provided.
src/pages/Analysis.tsx(180,9): error TS7026: JSX element implicitly has type 'any' because no interface 'JSX.IntrinsicElements' exists.
src/pages/Analysis.tsx(180,9): error TS17004: Cannot use JSX unless the '--jsx' flag is provided.
src/pages/Analysis.tsx(182,11): error TS17004: Cannot use JSX unless the '--jsx' flag is provided.
src/pages/Analysis.tsx(183,13): error TS7026: JSX element implicitly has type 'any' because no interface 'JSX.IntrinsicElements' exists.
src/pages/Analysis.tsx(183,13): error TS17004: Cannot use JSX unless the '--jsx' flag is provided.
src/pages/Analysis.tsx(184,15): error TS7026: JSX element implicitly has type 'any' because no interface 'JSX.IntrinsicElements' exists.
src/pages/Analysis.tsx(184,15): error TS17004: Cannot use JSX unless the '--jsx' flag is provided.
src/pages/Analysis.tsx(184,90): error TS7026: JSX element implicitly has type 'any' because no interface 'JSX.IntrinsicElements' exists.
src/pages/Analysis.tsx(186,17): error TS7026: JSX element implicitly has type 'any' because no interface 'JSX.IntrinsicElements' exists.
src/pages/Analysis.tsx(186,17): error TS17004: Cannot use JSX unless the '--jsx' flag is provided.
src/pages/Analysis.tsx(188,17): error TS7026: JSX element implicitly has type 'any' because no interface 'JSX.IntrinsicElements' exists.
src/pages/Analysis.tsx(190,17): error TS7026: JSX element implicitly has type 'any' because no interface 'JSX.IntrinsicElements' exists.
src/pages/Analysis.tsx(190,17): error TS17004: Cannot use JSX unless the '--jsx' flag is provided.
src/pages/Analysis.tsx(190,78): error TS7026: JSX element implicitly has type 'any' because no interface 'JSX.IntrinsicElements' exists.
src/pages/Analysis.tsx(192,13): error TS7026: JSX element implicitly has type 'any' because no interface 'JSX.IntrinsicElements' exists.
src/pages/Analysis.tsx(196,11): error TS17004: Cannot use JSX unless the '--jsx' flag is provided.
src/pages/Analysis.tsx(197,36): error TS17004: Cannot use JSX unless the '--jsx' flag is provided.
src/pages/Analysis.tsx(198,13): error TS7026: JSX element implicitly has type 'any' because no interface 'JSX.IntrinsicElements' exists.
src/pages/Analysis.tsx(198,13): error TS17004: Cannot use JSX unless the '--jsx' flag is provided.
src/pages/Analysis.tsx(199,15): error TS7026: JSX element implicitly has type 'any' because no interface 'JSX.IntrinsicElements' exists.
src/pages/Analysis.tsx(199,15): error TS17004: Cannot use JSX unless the '--jsx' flag is provided.
src/pages/Analysis.tsx(200,17): error TS7026: JSX element implicitly has type 'any' because no interface 'JSX.IntrinsicElements' exists.
src/pages/Analysis.tsx(200,17): error TS17004: Cannot use JSX unless the '--jsx' flag is provided.
src/pages/Analysis.tsx(201,19): error TS7026: JSX element implicitly has type 'any' because no interface 'JSX.IntrinsicElements' exists.
src/pages/Analysis.tsx(201,19): error TS17004: Cannot use JSX unless the '--jsx' flag is provided.
src/pages/Analysis.tsx(202,21): error TS7026: JSX element implicitly has type 'any' because no interface 'JSX.IntrinsicElements' exists.
src/pages/Analysis.tsx(202,21): error TS17004: Cannot use JSX unless the '--jsx' flag is provided.
src/pages/Analysis.tsx(203,23): error TS7026: JSX element implicitly has type 'any' because no interface 'JSX.IntrinsicElements' exists.
src/pages/Analysis.tsx(203,23): error TS17004: Cannot use JSX unless the '--jsx' flag is provided.
src/pages/Analysis.tsx(203,55): error TS7026: JSX element implicitly has type 'any' because no interface 'JSX.IntrinsicElements' exists.
src/pages/Analysis.tsx(204,23): error TS7026: JSX element implicitly has type 'any' because no interface 'JSX.IntrinsicElements' exists.
src/pages/Analysis.tsx(204,23): error TS17004: Cannot use JSX unless the '--jsx' flag is provided.
src/pages/Analysis.tsx(204,58): error TS7026: JSX element implicitly has type 'any' because no interface 'JSX.IntrinsicElements' exists.
src/pages/Analysis.tsx(205,23): error TS7026: JSX element implicitly has type 'any' because no interface 'JSX.IntrinsicElements' exists.
src/pages/Analysis.tsx(205,23): error TS17004: Cannot use JSX unless the '--jsx' flag is provided.
src/pages/Analysis.tsx(205,72): error TS7026: JSX element implicitly has type 'any' because no interface 'JSX.IntrinsicElements' exists.
src/pages/Analysis.tsx(206,23): error TS7026: JSX element implicitly has type 'any' because no interface 'JSX.IntrinsicElements' exists.
src/pages/Analysis.tsx(206,23): error TS17004: Cannot use JSX unless the '--jsx' flag is provided.
src/pages/Analysis.tsx(206,57): error TS7026: JSX element implicitly has type 'any' because no interface 'JSX.IntrinsicElements' exists.
src/pages/Analysis.tsx(207,21): error TS7026: JSX element implicitly has type 'any' because no interface 'JSX.IntrinsicElements' exists.
src/pages/Analysis.tsx(208,19): error TS7026: JSX element implicitly has type 'any' because no interface 'JSX.IntrinsicElements' exists.
src/pages/Analysis.tsx(209,19): error TS7026: JSX element implicitly has type 'any' because no interface 'JSX.IntrinsicElements' exists.
src/pages/Analysis.tsx(209,19): error TS17004: Cannot use JSX unless the '--jsx' flag is provided.
src/pages/Analysis.tsx(210,35): error TS7006: Parameter 'r' implicitly has an 'any' type.
src/pages/Analysis.tsx(211,23): error TS7026: JSX element implicitly has type 'any' because no interface 'JSX.IntrinsicElements' exists.
src/pages/Analysis.tsx(211,23): error TS17004: Cannot use JSX unless the '--jsx' flag is provided.
src/pages/Analysis.tsx(212,25): error TS7026: JSX element implicitly has type 'any' because no interface 'JSX.IntrinsicElements' exists.
src/pages/Analysis.tsx(212,25): error TS17004: Cannot use JSX unless the '--jsx' flag is provided.
src/pages/Analysis.tsx(213,27): error TS7026: JSX element implicitly has type 'any' because no interface 'JSX.IntrinsicElements' exists.
src/pages/Analysis.tsx(213,27): error TS17004: Cannot use JSX unless the '--jsx' flag is provided.
src/pages/Analysis.tsx(213,67): error TS7026: JSX element implicitly has type 'any' because no interface 'JSX.IntrinsicElements' exists.
src/pages/Analysis.tsx(214,27): error TS7026: JSX element implicitly has type 'any' because no interface 'JSX.IntrinsicElements' exists.
src/pages/Analysis.tsx(214,27): error TS17004: Cannot use JSX unless the '--jsx' flag is provided.
src/pages/Analysis.tsx(214,116): error TS7026: JSX element implicitly has type 'any' because no interface 'JSX.IntrinsicElements' exists.
src/pages/Analysis.tsx(215,25): error TS7026: JSX element implicitly has type 'any' because no interface 'JSX.IntrinsicElements' exists.
src/pages/Analysis.tsx(216,25): error TS7026: JSX element implicitly has type 'any' because no interface 'JSX.IntrinsicElements' exists.
src/pages/Analysis.tsx(216,25): error TS17004: Cannot use JSX unless the '--jsx' flag is provided.
src/pages/Analysis.tsx(216,84): error TS7026: JSX element implicitly has type 'any' because no interface 'JSX.IntrinsicElements' exists.
src/pages/Analysis.tsx(217,25): error TS7026: JSX element implicitly has type 'any' because no interface 'JSX.IntrinsicElements' exists.
src/pages/Analysis.tsx(217,25): error TS17004: Cannot use JSX unless the '--jsx' flag is provided.
src/pages/Analysis.tsx(218,27): error TS7026: JSX element implicitly has type 'any' because no interface 'JSX.IntrinsicElements' exists.
src/pages/Analysis.tsx(218,27): error TS17004: Cannot use JSX unless the '--jsx' flag is provided.
src/pages/Analysis.tsx(220,27): error TS7026: JSX element implicitly has type 'any' because no interface 'JSX.IntrinsicElements' exists.
src/pages/Analysis.tsx(221,25): error TS7026: JSX element implicitly has type 'any' because no interface 'JSX.IntrinsicElements' exists.
src/pages/Analysis.tsx(222,25): error TS7026: JSX element implicitly has type 'any' because no interface 'JSX.IntrinsicElements' exists.
src/pages/Analysis.tsx(222,25): error TS17004: Cannot use JSX unless the '--jsx' flag is provided.
src/pages/Analysis.tsx(223,27): error TS7026: JSX element implicitly has type 'any' because no interface 'JSX.IntrinsicElements' exists.
src/pages/Analysis.tsx(223,27): error TS17004: Cannot use JSX unless the '--jsx' flag is provided.
src/pages/Analysis.tsx(229,59): error TS17004: Cannot use JSX unless the '--jsx' flag is provided.
src/pages/Analysis.tsx(231,27): error TS7026: JSX element implicitly has type 'any' because no interface 'JSX.IntrinsicElements' exists.
src/pages/Analysis.tsx(232,25): error TS7026: JSX element implicitly has type 'any' because no interface 'JSX.IntrinsicElements' exists.
src/pages/Analysis.tsx(233,23): error TS7026: JSX element implicitly has type 'any' because no interface 'JSX.IntrinsicElements' exists.
src/pages/Analysis.tsx(236,23): error TS7026: JSX element implicitly has type 'any' because no interface 'JSX.IntrinsicElements' exists.
src/pages/Analysis.tsx(236,23): error TS17004: Cannot use JSX unless the '--jsx' flag is provided.
src/pages/Analysis.tsx(236,27): error TS7026: JSX element implicitly has type 'any' because no interface 'JSX.IntrinsicElements' exists.
src/pages/Analysis.tsx(236,27): error TS17004: Cannot use JSX unless the '--jsx' flag is provided.
src/pages/Analysis.tsx(236,120): error TS7026: JSX element implicitly has type 'any' because no interface 'JSX.IntrinsicElements' exists.
src/pages/Analysis.tsx(236,125): error TS7026: JSX element implicitly has type 'any' because no interface 'JSX.IntrinsicElements' exists.
src/pages/Analysis.tsx(238,19): error TS7026: JSX element implicitly has type 'any' because no interface 'JSX.IntrinsicElements' exists.
src/pages/Analysis.tsx(239,17): error TS7026: JSX element implicitly has type 'any' because no interface 'JSX.IntrinsicElements' exists.
src/pages/Analysis.tsx(240,15): error TS7026: JSX element implicitly has type 'any' because no interface 'JSX.IntrinsicElements' exists.
src/pages/Analysis.tsx(241,13): error TS7026: JSX element implicitly has type 'any' because no interface 'JSX.IntrinsicElements' exists.
src/pages/Analysis.tsx(245,11): error TS17004: Cannot use JSX unless the '--jsx' flag is provided.
src/pages/Analysis.tsx(246,13): error TS7026: JSX element implicitly has type 'any' because no interface 'JSX.IntrinsicElements' exists.
src/pages/Analysis.tsx(246,13): error TS17004: Cannot use JSX unless the '--jsx' flag is provided.
src/pages/Analysis.tsx(248,49): error TS7006: Parameter 'c' implicitly has an 'any' type.
src/pages/Analysis.tsx(249,67): error TS7006: Parameter 'acc' implicitly has an 'any' type.
src/pages/Analysis.tsx(249,72): error TS7006: Parameter 'c' implicitly has an 'any' type.
src/pages/Analysis.tsx(252,19): error TS7026: JSX element implicitly has type 'any' because no interface 'JSX.IntrinsicElements' exists.
src/pages/Analysis.tsx(252,19): error TS17004: Cannot use JSX unless the '--jsx' flag is provided.
src/pages/Analysis.tsx(253,21): error TS7026: JSX element implicitly has type 'any' because no interface 'JSX.IntrinsicElements' exists.
src/pages/Analysis.tsx(253,21): error TS17004: Cannot use JSX unless the '--jsx' flag is provided.
src/pages/Analysis.tsx(254,23): error TS7026: JSX element implicitly has type 'any' because no interface 'JSX.IntrinsicElements' exists.
src/pages/Analysis.tsx(254,23): error TS17004: Cannot use JSX unless the '--jsx' flag is provided.
src/pages/Analysis.tsx(254,103): error TS7026: JSX element implicitly has type 'any' because no interface 'JSX.IntrinsicElements' exists.
src/pages/Analysis.tsx(255,23): error TS7026: JSX element implicitly has type 'any' because no interface 'JSX.IntrinsicElements' exists.
src/pages/Analysis.tsx(255,23): error TS17004: Cannot use JSX unless the '--jsx' flag is provided.
src/pages/Analysis.tsx(257,23): error TS7026: JSX element implicitly has type 'any' because no interface 'JSX.IntrinsicElements' exists.
src/pages/Analysis.tsx(258,21): error TS7026: JSX element implicitly has type 'any' because no interface 'JSX.IntrinsicElements' exists.
src/pages/Analysis.tsx(259,21): error TS7026: JSX element implicitly has type 'any' because no interface 'JSX.IntrinsicElements' exists.
src/pages/Analysis.tsx(259,21): error TS17004: Cannot use JSX unless the '--jsx' flag is provided.
src/pages/Analysis.tsx(260,34): error TS7006: Parameter 'c' implicitly has an 'any' type.
src/pages/Analysis.tsx(261,25): error TS7026: JSX element implicitly has type 'any' because no interface 'JSX.IntrinsicElements' exists.
src/pages/Analysis.tsx(261,25): error TS17004: Cannot use JSX unless the '--jsx' flag is provided.
src/pages/Analysis.tsx(262,27): error TS7026: JSX element implicitly has type 'any' because no interface 'JSX.IntrinsicElements' exists.
src/pages/Analysis.tsx(262,27): error TS17004: Cannot use JSX unless the '--jsx' flag is provided.
src/pages/Analysis.tsx(263,29): error TS7026: JSX element implicitly has type 'any' because no interface 'JSX.IntrinsicElements' exists.
src/pages/Analysis.tsx(263,29): error TS17004: Cannot use JSX unless the '--jsx' flag is provided.
src/pages/Analysis.tsx(265,29): error TS7026: JSX element implicitly has type 'any' because no interface 'JSX.IntrinsicElements' exists.
src/pages/Analysis.tsx(266,29): error TS7026: JSX element implicitly has type 'any' because no interface 'JSX.IntrinsicElements' exists.
src/pages/Analysis.tsx(266,29): error TS17004: Cannot use JSX unless the '--jsx' flag is provided.
src/pages/Analysis.tsx(272,29): error TS7026: JSX element implicitly has type 'any' because no interface 'JSX.IntrinsicElements' exists.
src/pages/Analysis.tsx(273,27): error TS7026: JSX element implicitly has type 'any' because no interface 'JSX.IntrinsicElements' exists.
src/pages/Analysis.tsx(275,29): error TS7026: JSX element implicitly has type 'any' because no interface 'JSX.IntrinsicElements' exists.
src/pages/Analysis.tsx(275,29): error TS17004: Cannot use JSX unless the '--jsx' flag is provided.
src/pages/Analysis.tsx(277,29): error TS7026: JSX element implicitly has type 'any' because no interface 'JSX.IntrinsicElements' exists.
src/pages/Analysis.tsx(279,25): error TS7026: JSX element implicitly has type 'any' because no interface 'JSX.IntrinsicElements' exists.
src/pages/Analysis.tsx(281,45): error TS7026: JSX element implicitly has type 'any' because no interface 'JSX.IntrinsicElements' exists.
src/pages/Analysis.tsx(281,45): error TS17004: Cannot use JSX unless the '--jsx' flag is provided.
src/pages/Analysis.tsx(281,131): error TS7026: JSX element implicitly has type 'any' because no interface 'JSX.IntrinsicElements' exists.
src/pages/Analysis.tsx(282,21): error TS7026: JSX element implicitly has type 'any' because no interface 'JSX.IntrinsicElements' exists.
src/pages/Analysis.tsx(283,41): error TS17004: Cannot use JSX unless the '--jsx' flag is provided.
src/pages/Analysis.tsx(284,19): error TS7026: JSX element implicitly has type 'any' because no interface 'JSX.IntrinsicElements' exists.
src/pages/Analysis.tsx(287,13): error TS7026: JSX element implicitly has type 'any' because no interface 'JSX.IntrinsicElements' exists.
src/pages/Analysis.tsx(291,11): error TS17004: Cannot use JSX unless the '--jsx' flag is provided.
src/pages/Analysis.tsx(292,14): error TS7026: JSX element implicitly has type 'any' because no interface 'JSX.IntrinsicElements' exists.
src/pages/Analysis.tsx(292,14): error TS17004: Cannot use JSX unless the '--jsx' flag is provided.
src/pages/Analysis.tsx(293,36): error TS7006: Parameter 'rec' implicitly has an 'any' type.
src/pages/Analysis.tsx(294,17): error TS7026: JSX element implicitly has type 'any' because no interface 'JSX.IntrinsicElements' exists.
src/pages/Analysis.tsx(294,17): error TS17004: Cannot use JSX unless the '--jsx' flag is provided.
src/pages/Analysis.tsx(295,19): error TS7026: JSX element implicitly has type 'any' because no interface 'JSX.IntrinsicElements' exists.
src/pages/Analysis.tsx(295,19): error TS17004: Cannot use JSX unless the '--jsx' flag is provided.
src/pages/Analysis.tsx(296,21): error TS7026: JSX element implicitly has type 'any' because no interface 'JSX.IntrinsicElements' exists.
src/pages/Analysis.tsx(296,21): error TS17004: Cannot use JSX unless the '--jsx' flag is provided.
src/pages/Analysis.tsx(297,23): error TS7026: JSX element implicitly has type 'any' because no interface 'JSX.IntrinsicElements' exists.
src/pages/Analysis.tsx(297,23): error TS17004: Cannot use JSX unless the '--jsx' flag is provided.
src/pages/Analysis.tsx(303,23): error TS7026: JSX element implicitly has type 'any' because no interface 'JSX.IntrinsicElements' exists.
src/pages/Analysis.tsx(304,23): error TS7026: JSX element implicitly has type 'any' because no interface 'JSX.IntrinsicElements' exists.
src/pages/Analysis.tsx(304,23): error TS17004: Cannot use JSX unless the '--jsx' flag is provided.
src/pages/Analysis.tsx(306,23): error TS7026: JSX element implicitly has type 'any' because no interface 'JSX.IntrinsicElements' exists.
src/pages/Analysis.tsx(307,23): error TS7026: JSX element implicitly has type 'any' because no interface 'JSX.IntrinsicElements' exists.
src/pages/Analysis.tsx(307,23): error TS17004: Cannot use JSX unless the '--jsx' flag is provided.
src/pages/Analysis.tsx(309,23): error TS7026: JSX element implicitly has type 'any' because no interface 'JSX.IntrinsicElements' exists.
src/pages/Analysis.tsx(310,21): error TS7026: JSX element implicitly has type 'any' because no interface 'JSX.IntrinsicElements' exists.
src/pages/Analysis.tsx(311,21): error TS7026: JSX element implicitly has type 'any' because no interface 'JSX.IntrinsicElements' exists.
src/pages/Analysis.tsx(311,21): error TS17004: Cannot use JSX unless the '--jsx' flag is provided.
src/pages/Analysis.tsx(311,74): error TS7026: JSX element implicitly has type 'any' because no interface 'JSX.IntrinsicElements' exists.
src/pages/Analysis.tsx(312,21): error TS7026: JSX element implicitly has type 'any' because no interface 'JSX.IntrinsicElements' exists.
src/pages/Analysis.tsx(312,21): error TS17004: Cannot use JSX unless the '--jsx' flag is provided.
src/pages/Analysis.tsx(312,109): error TS7026: JSX element implicitly has type 'any' because no interface 'JSX.IntrinsicElements' exists.
src/pages/Analysis.tsx(313,19): error TS7026: JSX element implicitly has type 'any' because no interface 'JSX.IntrinsicElements' exists.
src/pages/Analysis.tsx(315,19): error TS7026: JSX element implicitly has type 'any' because no interface 'JSX.IntrinsicElements' exists.
src/pages/Analysis.tsx(315,19): error TS17004: Cannot use JSX unless the '--jsx' flag is provided.
src/pages/Analysis.tsx(316,21): error TS7026: JSX element implicitly has type 'any' because no interface 'JSX.IntrinsicElements' exists.
src/pages/Analysis.tsx(316,21): error TS17004: Cannot use JSX unless the '--jsx' flag is provided.
src/pages/Analysis.tsx(325,21): error TS7026: JSX element implicitly has type 'any' because no interface 'JSX.IntrinsicElements' exists.
src/pages/Analysis.tsx(326,19): error TS7026: JSX element implicitly has type 'any' because no interface 'JSX.IntrinsicElements' exists.
src/pages/Analysis.tsx(327,17): error TS7026: JSX element implicitly has type 'any' because no interface 'JSX.IntrinsicElements' exists.
src/pages/Analysis.tsx(330,17): error TS7026: JSX element implicitly has type 'any' because no interface 'JSX.IntrinsicElements' exists.
src/pages/Analysis.tsx(330,17): error TS17004: Cannot use JSX unless the '--jsx' flag is provided.
src/pages/Analysis.tsx(332,17): error TS7026: JSX element implicitly has type 'any' because no interface 'JSX.IntrinsicElements' exists.
src/pages/Analysis.tsx(334,14): error TS7026: JSX element implicitly has type 'any' because no interface 'JSX.IntrinsicElements' exists.
src/pages/Analysis.tsx(338,11): error TS17004: Cannot use JSX unless the '--jsx' flag is provided.
src/pages/Analysis.tsx(339,13): error TS7026: JSX element implicitly has type 'any' because no interface 'JSX.IntrinsicElements' exists.
src/pages/Analysis.tsx(339,13): error TS17004: Cannot use JSX unless the '--jsx' flag is provided.
src/pages/Analysis.tsx(340,15): error TS17004: Cannot use JSX unless the '--jsx' flag is provided.
src/pages/Analysis.tsx(341,15): error TS7026: JSX element implicitly has type 'any' because no interface 'JSX.IntrinsicElements' exists.
src/pages/Analysis.tsx(341,15): error TS17004: Cannot use JSX unless the '--jsx' flag is provided.
src/pages/Analysis.tsx(342,17): error TS7026: JSX element implicitly has type 'any' because no interface 'JSX.IntrinsicElements' exists.
src/pages/Analysis.tsx(342,17): error TS17004: Cannot use JSX unless the '--jsx' flag is provided.
src/pages/Analysis.tsx(342,64): error TS7026: JSX element implicitly has type 'any' because no interface 'JSX.IntrinsicElements' exists.
src/pages/Analysis.tsx(343,17): error TS7026: JSX element implicitly has type 'any' because no interface 'JSX.IntrinsicElements' exists.
src/pages/Analysis.tsx(343,17): error TS17004: Cannot use JSX unless the '--jsx' flag is provided.
src/pages/Analysis.tsx(343,117): error TS7026: JSX element implicitly has type 'any' because no interface 'JSX.IntrinsicElements' exists.
src/pages/Analysis.tsx(344,15): error TS7026: JSX element implicitly has type 'any' because no interface 'JSX.IntrinsicElements' exists.
src/pages/Analysis.tsx(345,13): error TS7026: JSX element implicitly has type 'any' because no interface 'JSX.IntrinsicElements' exists.
src/pages/Analysis.tsx(347,13): error TS7026: JSX element implicitly has type 'any' because no interface 'JSX.IntrinsicElements' exists.
src/pages/Analysis.tsx(347,13): error TS17004: Cannot use JSX unless the '--jsx' flag is provided.
src/pages/Analysis.tsx(349,17): error TS7026: JSX element implicitly has type 'any' because no interface 'JSX.IntrinsicElements' exists.
src/pages/Analysis.tsx(349,17): error TS17004: Cannot use JSX unless the '--jsx' flag is provided.
src/pages/Analysis.tsx(350,19): error TS17004: Cannot use JSX unless the '--jsx' flag is provided.
src/pages/Analysis.tsx(351,19): error TS7026: JSX element implicitly has type 'any' because no interface 'JSX.IntrinsicElements' exists.
src/pages/Analysis.tsx(351,19): error TS17004: Cannot use JSX unless the '--jsx' flag is provided.
src/pages/Analysis.tsx(351,92): error TS7026: JSX element implicitly has type 'any' because no interface 'JSX.IntrinsicElements' exists.
src/pages/Analysis.tsx(352,17): error TS7026: JSX element implicitly has type 'any' because no interface 'JSX.IntrinsicElements' exists.
src/pages/Analysis.tsx(354,34): error TS7006: Parameter 'msg' implicitly has an 'any' type.
src/pages/Analysis.tsx(354,39): error TS7006: Parameter 'i' implicitly has an 'any' type.
src/pages/Analysis.tsx(355,19): error TS7026: JSX element implicitly has type 'any' because no interface 'JSX.IntrinsicElements' exists.
src/pages/Analysis.tsx(355,19): error TS17004: Cannot use JSX unless the '--jsx' flag is provided.
src/pages/Analysis.tsx(356,21): error TS7026: JSX element implicitly has type 'any' because no interface 'JSX.IntrinsicElements' exists.
src/pages/Analysis.tsx(356,21): error TS17004: Cannot use JSX unless the '--jsx' flag is provided.
src/pages/Analysis.tsx(361,60): error TS7026: JSX element implicitly has type 'any' because no interface 'JSX.IntrinsicElements' exists.
src/pages/Analysis.tsx(361,60): error TS17004: Cannot use JSX unless the '--jsx' flag is provided.
src/pages/Analysis.tsx(361,110): error TS7026: JSX element implicitly has type 'any' because no interface 'JSX.IntrinsicElements' exists.
src/pages/Analysis.tsx(362,21): error TS7026: JSX element implicitly has type 'any' because no interface 'JSX.IntrinsicElements' exists.
src/pages/Analysis.tsx(363,19): error TS7026: JSX element implicitly has type 'any' because no interface 'JSX.IntrinsicElements' exists.
src/pages/Analysis.tsx(367,17): error TS7026: JSX element implicitly has type 'any' because no interface 'JSX.IntrinsicElements' exists.
src/pages/Analysis.tsx(367,17): error TS17004: Cannot use JSX unless the '--jsx' flag is provided.
src/pages/Analysis.tsx(368,19): error TS7026: JSX element implicitly has type 'any' because no interface 'JSX.IntrinsicElements' exists.
src/pages/Analysis.tsx(368,19): error TS17004: Cannot use JSX unless the '--jsx' flag is provided.
src/pages/Analysis.tsx(369,21): error TS17004: Cannot use JSX unless the '--jsx' flag is provided.
src/pages/Analysis.tsx(370,19): error TS7026: JSX element implicitly has type 'any' because no interface 'JSX.IntrinsicElements' exists.
src/pages/Analysis.tsx(371,17): error TS7026: JSX element implicitly has type 'any' because no interface 'JSX.IntrinsicElements' exists.
src/pages/Analysis.tsx(373,13): error TS7026: JSX element implicitly has type 'any' because no interface 'JSX.IntrinsicElements' exists.
src/pages/Analysis.tsx(375,13): error TS7026: JSX element implicitly has type 'any' because no interface 'JSX.IntrinsicElements' exists.
src/pages/Analysis.tsx(375,13): error TS17004: Cannot use JSX unless the '--jsx' flag is provided.
src/pages/Analysis.tsx(376,15): error TS7026: JSX element implicitly has type 'any' because no interface 'JSX.IntrinsicElements' exists.
src/pages/Analysis.tsx(376,15): error TS17004: Cannot use JSX unless the '--jsx' flag is provided.
src/pages/Analysis.tsx(377,17): error TS7026: JSX element implicitly has type 'any' because no interface 'JSX.IntrinsicElements' exists.
src/pages/Analysis.tsx(377,17): error TS17004: Cannot use JSX unless the '--jsx' flag is provided.
src/pages/Analysis.tsx(380,30): error TS7006: Parameter 'e' implicitly has an 'any' type.
src/pages/Analysis.tsx(386,17): error TS7026: JSX element implicitly has type 'any' because no interface 'JSX.IntrinsicElements' exists.
src/pages/Analysis.tsx(386,17): error TS17004: Cannot use JSX unless the '--jsx' flag is provided.
src/pages/Analysis.tsx(391,19): error TS17004: Cannot use JSX unless the '--jsx' flag is provided.
src/pages/Analysis.tsx(392,17): error TS7026: JSX element implicitly has type 'any' because no interface 'JSX.IntrinsicElements' exists.
src/pages/Analysis.tsx(393,15): error TS7026: JSX element implicitly has type 'any' because no interface 'JSX.IntrinsicElements' exists.
src/pages/Analysis.tsx(394,13): error TS7026: JSX element implicitly has type 'any' because no interface 'JSX.IntrinsicElements' exists.
src/pages/Analysis.tsx(397,9): error TS7026: JSX element implicitly has type 'any' because no interface 'JSX.IntrinsicElements' exists.
src/pages/Analysis.tsx(399,5): error TS7026: JSX element implicitly has type 'any' because no interface 'JSX.IntrinsicElements' exists.
src/pages/Dashboard.tsx(1,37): error TS7016: Could not find a declaration file for module 'react'. 'C:/Users/mahdi/Documents/PFE/GRC platform/grc-ai-analyzer/frontend/node_modules/react/index.js' implicitly has an 'any' type.
  Try `npm i --save-dev @types/react` if it exists or add a new declaration (.d.ts) file containing `declare module 'react';`
src/pages/Dashboard.tsx(4,10): error TS1484: 'Rapport' is a type and must be imported using a type-only import when 'verbatimModuleSyntax' is enabled.
src/pages/Dashboard.tsx(5,25): error TS6142: Module '../components/dashboard/KPICard' was resolved to 'C:/Users/mahdi/Documents/PFE/GRC platform/grc-ai-analyzer/frontend/src/components/dashboard/KPICard.tsx', but '--jsx' is not set.
src/pages/Dashboard.tsx(6,28): error TS6142: Module '../components/dashboard/ScoreGauge' was resolved to 'C:/Users/mahdi/Documents/PFE/GRC platform/grc-ai-analyzer/frontend/src/components/dashboard/ScoreGauge.tsx', but '--jsx' is not set.
src/pages/Dashboard.tsx(28,36): error TS7006: Parameter 'r' implicitly has an 'any' type.
src/pages/Dashboard.tsx(29,34): error TS7006: Parameter 'r' implicitly has an 'any' type.
src/pages/Dashboard.tsx(38,7): error TS7026: JSX element implicitly has type 'any' because no interface 'JSX.IntrinsicElements' exists.
src/pages/Dashboard.tsx(38,7): error TS17004: Cannot use JSX unless the '--jsx' flag is provided.
src/pages/Dashboard.tsx(39,9): error TS17004: Cannot use JSX unless the '--jsx' flag is provided.
src/pages/Dashboard.tsx(40,7): error TS7026: JSX element implicitly has type 'any' because no interface 'JSX.IntrinsicElements' exists.
src/pages/Dashboard.tsx(45,5): error TS7026: JSX element implicitly has type 'any' because no interface 'JSX.IntrinsicElements' exists.
src/pages/Dashboard.tsx(45,5): error TS17004: Cannot use JSX unless the '--jsx' flag is provided.
src/pages/Dashboard.tsx(46,7): error TS7026: JSX element implicitly has type 'any' because no interface 'JSX.IntrinsicElements' exists.
src/pages/Dashboard.tsx(46,7): error TS17004: Cannot use JSX unless the '--jsx' flag is provided.
src/pages/Dashboard.tsx(47,9): error TS7026: JSX element implicitly has type 'any' because no interface 'JSX.IntrinsicElements' exists.
src/pages/Dashboard.tsx(47,9): error TS17004: Cannot use JSX unless the '--jsx' flag is provided.
src/pages/Dashboard.tsx(47,74): error TS7026: JSX element implicitly has type 'any' because no interface 'JSX.IntrinsicElements' exists.
src/pages/Dashboard.tsx(48,9): error TS7026: JSX element implicitly has type 'any' because no interface 'JSX.IntrinsicElements' exists.
src/pages/Dashboard.tsx(48,9): error TS17004: Cannot use JSX unless the '--jsx' flag is provided.
src/pages/Dashboard.tsx(50,9): error TS7026: JSX element implicitly has type 'any' because no interface 'JSX.IntrinsicElements' exists.
src/pages/Dashboard.tsx(51,7): error TS7026: JSX element implicitly has type 'any' because no interface 'JSX.IntrinsicElements' exists.
src/pages/Dashboard.tsx(54,7): error TS7026: JSX element implicitly has type 'any' because no interface 'JSX.IntrinsicElements' exists.
src/pages/Dashboard.tsx(54,7): error TS17004: Cannot use JSX unless the '--jsx' flag is provided.
src/pages/Dashboard.tsx(55,9): error TS17004: Cannot use JSX unless the '--jsx' flag is provided.
src/pages/Dashboard.tsx(58,17): error TS17004: Cannot use JSX unless the '--jsx' flag is provided.
src/pages/Dashboard.tsx(61,9): error TS17004: Cannot use JSX unless the '--jsx' flag is provided.
src/pages/Dashboard.tsx(64,17): error TS17004: Cannot use JSX unless the '--jsx' flag is provided.
src/pages/Dashboard.tsx(67,9): error TS17004: Cannot use JSX unless the '--jsx' flag is provided.
src/pages/Dashboard.tsx(70,17): error TS17004: Cannot use JSX unless the '--jsx' flag is provided.
src/pages/Dashboard.tsx(72,9): error TS17004: Cannot use JSX unless the '--jsx' flag is provided.
src/pages/Dashboard.tsx(75,17): error TS17004: Cannot use JSX unless the '--jsx' flag is provided.
src/pages/Dashboard.tsx(78,7): error TS7026: JSX element implicitly has type 'any' because no interface 'JSX.IntrinsicElements' exists.
src/pages/Dashboard.tsx(81,7): error TS7026: JSX element implicitly has type 'any' because no interface 'JSX.IntrinsicElements' exists.
src/pages/Dashboard.tsx(81,7): error TS17004: Cannot use JSX unless the '--jsx' flag is provided.
src/pages/Dashboard.tsx(82,9): error TS7026: JSX element implicitly has type 'any' because no interface 'JSX.IntrinsicElements' exists.
src/pages/Dashboard.tsx(82,9): error TS17004: Cannot use JSX unless the '--jsx' flag is provided.
src/pages/Dashboard.tsx(83,11): error TS7026: JSX element implicitly has type 'any' because no interface 'JSX.IntrinsicElements' exists.
src/pages/Dashboard.tsx(83,11): error TS17004: Cannot use JSX unless the '--jsx' flag is provided.
src/pages/Dashboard.tsx(83,75): error TS7026: JSX element implicitly has type 'any' because no interface 'JSX.IntrinsicElements' exists.
src/pages/Dashboard.tsx(84,11): error TS7026: JSX element implicitly has type 'any' because no interface 'JSX.IntrinsicElements' exists.
src/pages/Dashboard.tsx(84,11): error TS17004: Cannot use JSX unless the '--jsx' flag is provided.
src/pages/Dashboard.tsx(85,13): error TS17004: Cannot use JSX unless the '--jsx' flag is provided.
src/pages/Dashboard.tsx(86,13): error TS17004: Cannot use JSX unless the '--jsx' flag is provided.
src/pages/Dashboard.tsx(87,13): error TS17004: Cannot use JSX unless the '--jsx' flag is provided.
src/pages/Dashboard.tsx(88,11): error TS7026: JSX element implicitly has type 'any' because no interface 'JSX.IntrinsicElements' exists.
src/pages/Dashboard.tsx(89,9): error TS7026: JSX element implicitly has type 'any' because no interface 'JSX.IntrinsicElements' exists.
src/pages/Dashboard.tsx(90,7): error TS7026: JSX element implicitly has type 'any' because no interface 'JSX.IntrinsicElements' exists.
src/pages/Dashboard.tsx(93,7): error TS7026: JSX element implicitly has type 'any' because no interface 'JSX.IntrinsicElements' exists.
src/pages/Dashboard.tsx(93,7): error TS17004: Cannot use JSX unless the '--jsx' flag is provided.
src/pages/Dashboard.tsx(94,9): error TS7026: JSX element implicitly has type 'any' because no interface 'JSX.IntrinsicElements' exists.
src/pages/Dashboard.tsx(94,9): error TS17004: Cannot use JSX unless the '--jsx' flag is provided.
src/pages/Dashboard.tsx(95,11): error TS7026: JSX element implicitly has type 'any' because no interface 'JSX.IntrinsicElements' exists.
src/pages/Dashboard.tsx(95,11): error TS17004: Cannot use JSX unless the '--jsx' flag is provided.
src/pages/Dashboard.tsx(95,57): error TS7026: JSX element implicitly has type 'any' because no interface 'JSX.IntrinsicElements' exists.
src/pages/Dashboard.tsx(96,9): error TS7026: JSX element implicitly has type 'any' because no interface 'JSX.IntrinsicElements' exists.
src/pages/Dashboard.tsx(97,9): error TS7026: JSX element implicitly has type 'any' because no interface 'JSX.IntrinsicElements' exists.
src/pages/Dashboard.tsx(97,9): error TS17004: Cannot use JSX unless the '--jsx' flag is provided.
src/pages/Dashboard.tsx(99,13): error TS7026: JSX element implicitly has type 'any' because no interface 'JSX.IntrinsicElements' exists.
src/pages/Dashboard.tsx(99,13): error TS17004: Cannot use JSX unless the '--jsx' flag is provided.
src/pages/Dashboard.tsx(99,96): error TS7026: JSX element implicitly has type 'any' because no interface 'JSX.IntrinsicElements' exists.
src/pages/Dashboard.tsx(101,13): error TS7026: JSX element implicitly has type 'any' because no interface 'JSX.IntrinsicElements' exists.
src/pages/Dashboard.tsx(101,13): error TS17004: Cannot use JSX unless the '--jsx' flag is provided.
src/pages/Dashboard.tsx(102,41): error TS7006: Parameter 'report' implicitly has an 'any' type.
src/pages/Dashboard.tsx(103,17): error TS7026: JSX element implicitly has type 'any' because no interface 'JSX.IntrinsicElements' exists.
src/pages/Dashboard.tsx(103,17): error TS17004: Cannot use JSX unless the '--jsx' flag is provided.
src/pages/Dashboard.tsx(104,19): error TS7026: JSX element implicitly has type 'any' because no interface 'JSX.IntrinsicElements' exists.
src/pages/Dashboard.tsx(104,19): error TS17004: Cannot use JSX unless the '--jsx' flag is provided.
src/pages/Dashboard.tsx(105,21): error TS17004: Cannot use JSX unless the '--jsx' flag is provided.
src/pages/Dashboard.tsx(106,21): error TS7026: JSX element implicitly has type 'any' because no interface 'JSX.IntrinsicElements' exists.
src/pages/Dashboard.tsx(106,21): error TS17004: Cannot use JSX unless the '--jsx' flag is provided.
src/pages/Dashboard.tsx(107,23): error TS7026: JSX element implicitly has type 'any' because no interface 'JSX.IntrinsicElements' exists.
src/pages/Dashboard.tsx(107,23): error TS17004: Cannot use JSX unless the '--jsx' flag is provided.
src/pages/Dashboard.tsx(107,62): error TS7026: JSX element implicitly has type 'any' because no interface 'JSX.IntrinsicElements' exists.
src/pages/Dashboard.tsx(108,23): error TS7026: JSX element implicitly has type 'any' because no interface 'JSX.IntrinsicElements' exists.
src/pages/Dashboard.tsx(108,23): error TS17004: Cannot use JSX unless the '--jsx' flag is provided.
src/pages/Dashboard.tsx(110,23): error TS7026: JSX element implicitly has type 'any' because no interface 'JSX.IntrinsicElements' exists.
src/pages/Dashboard.tsx(111,21): error TS7026: JSX element implicitly has type 'any' because no interface 'JSX.IntrinsicElements' exists.
src/pages/Dashboard.tsx(112,19): error TS7026: JSX element implicitly has type 'any' because no interface 'JSX.IntrinsicElements' exists.
src/pages/Dashboard.tsx(113,19): error TS7026: JSX element implicitly has type 'any' because no interface 'JSX.IntrinsicElements' exists.
src/pages/Dashboard.tsx(113,19): error TS17004: Cannot use JSX unless the '--jsx' flag is provided.
src/pages/Dashboard.tsx(114,21): error TS7026: JSX element implicitly has type 'any' because no interface 'JSX.IntrinsicElements' exists.
src/pages/Dashboard.tsx(114,21): error TS17004: Cannot use JSX unless the '--jsx' flag is provided.
src/pages/Dashboard.tsx(121,21): error TS7026: JSX element implicitly has type 'any' because no interface 'JSX.IntrinsicElements' exists.
src/pages/Dashboard.tsx(122,19): error TS7026: JSX element implicitly has type 'any' because no interface 'JSX.IntrinsicElements' exists.
src/pages/Dashboard.tsx(123,17): error TS7026: JSX element implicitly has type 'any' because no interface 'JSX.IntrinsicElements' exists.
src/pages/Dashboard.tsx(125,13): error TS7026: JSX element implicitly has type 'any' because no interface 'JSX.IntrinsicElements' exists.
src/pages/Dashboard.tsx(127,9): error TS7026: JSX element implicitly has type 'any' because no interface 'JSX.IntrinsicElements' exists.
src/pages/Dashboard.tsx(128,7): error TS7026: JSX element implicitly has type 'any' because no interface 'JSX.IntrinsicElements' exists.
src/pages/Dashboard.tsx(129,5): error TS7026: JSX element implicitly has type 'any' because no interface 'JSX.IntrinsicElements' exists.
src/pages/Login.tsx(1,26): error TS7016: Could not find a declaration file for module 'react'. 'C:/Users/mahdi/Documents/PFE/GRC platform/grc-ai-analyzer/frontend/node_modules/react/index.js' implicitly has an 'any' type.
  Try `npm i --save-dev @types/react` if it exists or add a new declaration (.d.ts) file containing `declare module 'react';`
src/pages/Login.tsx(6,10): error TS1484: 'AuthResponse' is a type and must be imported using a type-only import when 'verbatimModuleSyntax' is enabled.
src/pages/Login.tsx(17,34): error TS2503: Cannot find namespace 'React'.
src/pages/Login.tsx(39,5): error TS7026: JSX element implicitly has type 'any' because no interface 'JSX.IntrinsicElements' exists.
src/pages/Login.tsx(39,5): error TS17004: Cannot use JSX unless the '--jsx' flag is provided.
src/pages/Login.tsx(41,7): error TS7026: JSX element implicitly has type 'any' because no interface 'JSX.IntrinsicElements' exists.
src/pages/Login.tsx(41,7): error TS17004: Cannot use JSX unless the '--jsx' flag is provided.
src/pages/Login.tsx(42,9): error TS7026: JSX element implicitly has type 'any' because no interface 'JSX.IntrinsicElements' exists.
src/pages/Login.tsx(42,9): error TS17004: Cannot use JSX unless the '--jsx' flag is provided.
src/pages/Login.tsx(43,9): error TS7026: JSX element implicitly has type 'any' because no interface 'JSX.IntrinsicElements' exists.
src/pages/Login.tsx(43,9): error TS17004: Cannot use JSX unless the '--jsx' flag is provided.
src/pages/Login.tsx(45,9): error TS7026: JSX element implicitly has type 'any' because no interface 'JSX.IntrinsicElements' exists.
src/pages/Login.tsx(45,9): error TS17004: Cannot use JSX unless the '--jsx' flag is provided.
src/pages/Login.tsx(46,11): error TS17004: Cannot use JSX unless the '--jsx' flag is provided.
src/pages/Login.tsx(48,9): error TS7026: JSX element implicitly has type 'any' because no interface 'JSX.IntrinsicElements' exists.
src/pages/Login.tsx(50,9): error TS7026: JSX element implicitly has type 'any' because no interface 'JSX.IntrinsicElements' exists.
src/pages/Login.tsx(50,9): error TS17004: Cannot use JSX unless the '--jsx' flag is provided.
src/pages/Login.tsx(51,11): error TS7026: JSX element implicitly has type 'any' because no interface 'JSX.IntrinsicElements' exists.
src/pages/Login.tsx(51,11): error TS17004: Cannot use JSX unless the '--jsx' flag is provided.
src/pages/Login.tsx(51,100): error TS7026: JSX element implicitly has type 'any' because no interface 'JSX.IntrinsicElements' exists.
src/pages/Login.tsx(52,11): error TS7026: JSX element implicitly has type 'any' because no interface 'JSX.IntrinsicElements' exists.
src/pages/Login.tsx(52,11): error TS17004: Cannot use JSX unless the '--jsx' flag is provided.
src/pages/Login.tsx(54,11): error TS7026: JSX element implicitly has type 'any' because no interface 'JSX.IntrinsicElements' exists.
src/pages/Login.tsx(55,9): error TS7026: JSX element implicitly has type 'any' because no interface 'JSX.IntrinsicElements' exists.
src/pages/Login.tsx(57,9): error TS7026: JSX element implicitly has type 'any' because no interface 'JSX.IntrinsicElements' exists.
src/pages/Login.tsx(57,9): error TS17004: Cannot use JSX unless the '--jsx' flag is provided.
src/pages/Login.tsx(59,9): error TS7026: JSX element implicitly has type 'any' because no interface 'JSX.IntrinsicElements' exists.
src/pages/Login.tsx(60,7): error TS7026: JSX element implicitly has type 'any' because no interface 'JSX.IntrinsicElements' exists.
src/pages/Login.tsx(63,7): error TS7026: JSX element implicitly has type 'any' because no interface 'JSX.IntrinsicElements' exists.
src/pages/Login.tsx(63,7): error TS17004: Cannot use JSX unless the '--jsx' flag is provided.
src/pages/Login.tsx(64,9): error TS7026: JSX element implicitly has type 'any' because no interface 'JSX.IntrinsicElements' exists.
src/pages/Login.tsx(64,9): error TS17004: Cannot use JSX unless the '--jsx' flag is provided.
src/pages/Login.tsx(65,11): error TS7026: JSX element implicitly has type 'any' because no interface 'JSX.IntrinsicElements' exists.
src/pages/Login.tsx(65,11): error TS17004: Cannot use JSX unless the '--jsx' flag is provided.
src/pages/Login.tsx(66,13): error TS7026: JSX element implicitly has type 'any' because no interface 'JSX.IntrinsicElements' exists.
src/pages/Login.tsx(66,13): error TS17004: Cannot use JSX unless the '--jsx' flag is provided.
src/pages/Login.tsx(67,15): error TS17004: Cannot use JSX unless the '--jsx' flag is provided.
src/pages/Login.tsx(68,13): error TS7026: JSX element implicitly has type 'any' because no interface 'JSX.IntrinsicElements' exists.
src/pages/Login.tsx(69,13): error TS7026: JSX element implicitly has type 'any' because no interface 'JSX.IntrinsicElements' exists.
src/pages/Login.tsx(69,13): error TS17004: Cannot use JSX unless the '--jsx' flag is provided.
src/pages/Login.tsx(69,72): error TS7026: JSX element implicitly has type 'any' because no interface 'JSX.IntrinsicElements' exists.
src/pages/Login.tsx(70,13): error TS7026: JSX element implicitly has type 'any' because no interface 'JSX.IntrinsicElements' exists.
src/pages/Login.tsx(70,13): error TS17004: Cannot use JSX unless the '--jsx' flag is provided.
src/pages/Login.tsx(72,13): error TS7026: JSX element implicitly has type 'any' because no interface 'JSX.IntrinsicElements' exists.
src/pages/Login.tsx(73,11): error TS7026: JSX element implicitly has type 'any' because no interface 'JSX.IntrinsicElements' exists.
src/pages/Login.tsx(75,11): error TS7026: JSX element implicitly has type 'any' because no interface 'JSX.IntrinsicElements' exists.
src/pages/Login.tsx(75,11): error TS17004: Cannot use JSX unless the '--jsx' flag is provided.
src/pages/Login.tsx(77,15): error TS7026: JSX element implicitly has type 'any' because no interface 'JSX.IntrinsicElements' exists.
src/pages/Login.tsx(77,15): error TS17004: Cannot use JSX unless the '--jsx' flag is provided.
src/pages/Login.tsx(79,15): error TS7026: JSX element implicitly has type 'any' because no interface 'JSX.IntrinsicElements' exists.
src/pages/Login.tsx(82,13): error TS7026: JSX element implicitly has type 'any' because no interface 'JSX.IntrinsicElements' exists.
src/pages/Login.tsx(82,13): error TS17004: Cannot use JSX unless the '--jsx' flag is provided.
src/pages/Login.tsx(83,15): error TS7026: JSX element implicitly has type 'any' because no interface 'JSX.IntrinsicElements' exists.
src/pages/Login.tsx(83,15): error TS17004: Cannot use JSX unless the '--jsx' flag is provided.
src/pages/Login.tsx(84,17): error TS7026: JSX element implicitly has type 'any' because no interface 'JSX.IntrinsicElements' exists.
src/pages/Login.tsx(84,17): error TS17004: Cannot use JSX unless the '--jsx' flag is provided.
src/pages/Login.tsx(86,17): error TS7026: JSX element implicitly has type 'any' because no interface 'JSX.IntrinsicElements' exists.
src/pages/Login.tsx(87,17): error TS7026: JSX element implicitly has type 'any' because no interface 'JSX.IntrinsicElements' exists.
src/pages/Login.tsx(87,17): error TS17004: Cannot use JSX unless the '--jsx' flag is provided.
src/pages/Login.tsx(88,19): error TS7026: JSX element implicitly has type 'any' because no interface 'JSX.IntrinsicElements' exists.
src/pages/Login.tsx(88,19): error TS17004: Cannot use JSX unless the '--jsx' flag is provided.
src/pages/Login.tsx(89,21): error TS17004: Cannot use JSX unless the '--jsx' flag is provided.
src/pages/Login.tsx(90,19): error TS7026: JSX element implicitly has type 'any' because no interface 'JSX.IntrinsicElements' exists.
src/pages/Login.tsx(91,19): error TS7026: JSX element implicitly has type 'any' because no interface 'JSX.IntrinsicElements' exists.
src/pages/Login.tsx(91,19): error TS17004: Cannot use JSX unless the '--jsx' flag is provided.
src/pages/Login.tsx(95,32): error TS7006: Parameter 'e' implicitly has an 'any' type.
src/pages/Login.tsx(100,17): error TS7026: JSX element implicitly has type 'any' because no interface 'JSX.IntrinsicElements' exists.
src/pages/Login.tsx(101,15): error TS7026: JSX element implicitly has type 'any' because no interface 'JSX.IntrinsicElements' exists.
src/pages/Login.tsx(103,15): error TS7026: JSX element implicitly has type 'any' because no interface 'JSX.IntrinsicElements' exists.
src/pages/Login.tsx(103,15): error TS17004: Cannot use JSX unless the '--jsx' flag is provided.
src/pages/Login.tsx(104,17): error TS7026: JSX element implicitly has type 'any' because no interface 'JSX.IntrinsicElements' exists.
src/pages/Login.tsx(104,17): error TS17004: Cannot use JSX unless the '--jsx' flag is provided.
src/pages/Login.tsx(106,17): error TS7026: JSX element implicitly has type 'any' because no interface 'JSX.IntrinsicElements' exists.
src/pages/Login.tsx(107,17): error TS7026: JSX element implicitly has type 'any' because no interface 'JSX.IntrinsicElements' exists.
src/pages/Login.tsx(107,17): error TS17004: Cannot use JSX unless the '--jsx' flag is provided.
src/pages/Login.tsx(108,19): error TS7026: JSX element implicitly has type 'any' because no interface 'JSX.IntrinsicElements' exists.
src/pages/Login.tsx(108,19): error TS17004: Cannot use JSX unless the '--jsx' flag is provided.
src/pages/Login.tsx(109,21): error TS17004: Cannot use JSX unless the '--jsx' flag is provided.
src/pages/Login.tsx(110,19): error TS7026: JSX element implicitly has type 'any' because no interface 'JSX.IntrinsicElements' exists.
src/pages/Login.tsx(111,19): error TS7026: JSX element implicitly has type 'any' because no interface 'JSX.IntrinsicElements' exists.
src/pages/Login.tsx(111,19): error TS17004: Cannot use JSX unless the '--jsx' flag is provided.
src/pages/Login.tsx(115,32): error TS7006: Parameter 'e' implicitly has an 'any' type.
src/pages/Login.tsx(120,17): error TS7026: JSX element implicitly has type 'any' because no interface 'JSX.IntrinsicElements' exists.
src/pages/Login.tsx(121,15): error TS7026: JSX element implicitly has type 'any' because no interface 'JSX.IntrinsicElements' exists.
src/pages/Login.tsx(122,13): error TS7026: JSX element implicitly has type 'any' because no interface 'JSX.IntrinsicElements' exists.
src/pages/Login.tsx(124,13): error TS7026: JSX element implicitly has type 'any' because no interface 'JSX.IntrinsicElements' exists.
src/pages/Login.tsx(124,13): error TS17004: Cannot use JSX unless the '--jsx' flag is provided.
src/pages/Login.tsx(130,17): error TS17004: Cannot use JSX unless the '--jsx' flag is provided.
src/pages/Login.tsx(131,19): error TS17004: Cannot use JSX unless the '--jsx' flag is provided.
src/pages/Login.tsx(137,13): error TS7026: JSX element implicitly has type 'any' because no interface 'JSX.IntrinsicElements' exists.
src/pages/Login.tsx(138,11): error TS7026: JSX element implicitly has type 'any' because no interface 'JSX.IntrinsicElements' exists.
src/pages/Login.tsx(139,9): error TS7026: JSX element implicitly has type 'any' because no interface 'JSX.IntrinsicElements' exists.
src/pages/Login.tsx(140,7): error TS7026: JSX element implicitly has type 'any' because no interface 'JSX.IntrinsicElements' exists.
src/pages/Login.tsx(141,5): error TS7026: JSX element implicitly has type 'any' because no interface 'JSX.IntrinsicElements' exists.
src/pages/Reports.tsx(1,37): error TS7016: Could not find a declaration file for module 'react'. 'C:/Users/mahdi/Documents/PFE/GRC platform/grc-ai-analyzer/frontend/node_modules/react/index.js' implicitly has an 'any' type.
  Try `npm i --save-dev @types/react` if it exists or add a new declaration (.d.ts) file containing `declare module 'react';`
src/pages/Reports.tsx(7,10): error TS1484: 'Rapport' is a type and must be imported using a type-only import when 'verbatimModuleSyntax' is enabled.
src/pages/Reports.tsx(34,32): error TS2503: Cannot find namespace 'React'.
src/pages/Reports.tsx(41,34): error TS2503: Cannot find namespace 'React'.
src/pages/Reports.tsx(89,5): error TS7026: JSX element implicitly has type 'any' because no interface 'JSX.IntrinsicElements' exists.
src/pages/Reports.tsx(89,5): error TS17004: Cannot use JSX unless the '--jsx' flag is provided.
src/pages/Reports.tsx(90,7): error TS7026: JSX element implicitly has type 'any' because no interface 'JSX.IntrinsicElements' exists.
src/pages/Reports.tsx(90,7): error TS17004: Cannot use JSX unless the '--jsx' flag is provided.
src/pages/Reports.tsx(91,9): error TS7026: JSX element implicitly has type 'any' because no interface 'JSX.IntrinsicElements' exists.
src/pages/Reports.tsx(91,9): error TS17004: Cannot use JSX unless the '--jsx' flag is provided.
src/pages/Reports.tsx(92,11): error TS7026: JSX element implicitly has type 'any' because no interface 'JSX.IntrinsicElements' exists.
src/pages/Reports.tsx(92,11): error TS17004: Cannot use JSX unless the '--jsx' flag is provided.
src/pages/Reports.tsx(92,69): error TS7026: JSX element implicitly has type 'any' because no interface 'JSX.IntrinsicElements' exists.
src/pages/Reports.tsx(93,11): error TS7026: JSX element implicitly has type 'any' because no interface 'JSX.IntrinsicElements' exists.
src/pages/Reports.tsx(93,11): error TS17004: Cannot use JSX unless the '--jsx' flag is provided.
src/pages/Reports.tsx(95,11): error TS7026: JSX element implicitly has type 'any' because no interface 'JSX.IntrinsicElements' exists.
src/pages/Reports.tsx(96,9): error TS7026: JSX element implicitly has type 'any' because no interface 'JSX.IntrinsicElements' exists.
src/pages/Reports.tsx(97,7): error TS7026: JSX element implicitly has type 'any' because no interface 'JSX.IntrinsicElements' exists.
src/pages/Reports.tsx(100,7): error TS7026: JSX element implicitly has type 'any' because no interface 'JSX.IntrinsicElements' exists.
src/pages/Reports.tsx(100,7): error TS17004: Cannot use JSX unless the '--jsx' flag is provided.
src/pages/Reports.tsx(101,9): error TS7026: JSX element implicitly has type 'any' because no interface 'JSX.IntrinsicElements' exists.
src/pages/Reports.tsx(101,9): error TS17004: Cannot use JSX unless the '--jsx' flag is provided.
src/pages/Reports.tsx(101,67): error TS7026: JSX element implicitly has type 'any' because no interface 'JSX.IntrinsicElements' exists.
src/pages/Reports.tsx(102,9): error TS7026: JSX element implicitly has type 'any' because no interface 'JSX.IntrinsicElements' exists.
src/pages/Reports.tsx(102,9): error TS17004: Cannot use JSX unless the '--jsx' flag is provided.
src/pages/Reports.tsx(103,11): error TS7026: JSX element implicitly has type 'any' because no interface 'JSX.IntrinsicElements' exists.
src/pages/Reports.tsx(103,11): error TS17004: Cannot use JSX unless the '--jsx' flag is provided.
src/pages/Reports.tsx(104,13): error TS7026: JSX element implicitly has type 'any' because no interface 'JSX.IntrinsicElements' exists.
src/pages/Reports.tsx(104,13): error TS17004: Cannot use JSX unless the '--jsx' flag is provided.
src/pages/Reports.tsx(104,115): error TS7026: JSX element implicitly has type 'any' because no interface 'JSX.IntrinsicElements' exists.
src/pages/Reports.tsx(105,13): error TS7026: JSX element implicitly has type 'any' because no interface 'JSX.IntrinsicElements' exists.
src/pages/Reports.tsx(105,13): error TS17004: Cannot use JSX unless the '--jsx' flag is provided.
src/pages/Reports.tsx(112,11): error TS7026: JSX element implicitly has type 'any' because no interface 'JSX.IntrinsicElements' exists.
src/pages/Reports.tsx(113,11): error TS7026: JSX element implicitly has type 'any' because no interface 'JSX.IntrinsicElements' exists.
src/pages/Reports.tsx(113,11): error TS17004: Cannot use JSX unless the '--jsx' flag is provided.
src/pages/Reports.tsx(118,26): error TS17004: Cannot use JSX unless the '--jsx' flag is provided.
src/pages/Reports.tsx(118,78): error TS17004: Cannot use JSX unless the '--jsx' flag is provided.
src/pages/Reports.tsx(120,11): error TS7026: JSX element implicitly has type 'any' because no interface 'JSX.IntrinsicElements' exists.
src/pages/Reports.tsx(121,9): error TS7026: JSX element implicitly has type 'any' because no interface 'JSX.IntrinsicElements' exists.
src/pages/Reports.tsx(122,19): error TS7026: JSX element implicitly has type 'any' because no interface 'JSX.IntrinsicElements' exists.
src/pages/Reports.tsx(122,19): error TS17004: Cannot use JSX unless the '--jsx' flag is provided.
src/pages/Reports.tsx(122,82): error TS17004: Cannot use JSX unless the '--jsx' flag is provided.
src/pages/Reports.tsx(122,128): error TS7026: JSX element implicitly has type 'any' because no interface 'JSX.IntrinsicElements' exists.
src/pages/Reports.tsx(123,7): error TS7026: JSX element implicitly has type 'any' because no interface 'JSX.IntrinsicElements' exists.
src/pages/Reports.tsx(126,7): error TS7026: JSX element implicitly has type 'any' because no interface 'JSX.IntrinsicElements' exists.
src/pages/Reports.tsx(126,7): error TS17004: Cannot use JSX unless the '--jsx' flag is provided.
src/pages/Reports.tsx(127,9): error TS7026: JSX element implicitly has type 'any' because no interface 'JSX.IntrinsicElements' exists.
src/pages/Reports.tsx(127,9): error TS17004: Cannot use JSX unless the '--jsx' flag is provided.
src/pages/Reports.tsx(128,11): error TS7026: JSX element implicitly has type 'any' because no interface 'JSX.IntrinsicElements' exists.
src/pages/Reports.tsx(128,11): error TS17004: Cannot use JSX unless the '--jsx' flag is provided.
src/pages/Reports.tsx(128,62): error TS7026: JSX element implicitly has type 'any' because no interface 'JSX.IntrinsicElements' exists.
src/pages/Reports.tsx(129,9): error TS7026: JSX element implicitly has type 'any' because no interface 'JSX.IntrinsicElements' exists.
src/pages/Reports.tsx(131,11): error TS7026: JSX element implicitly has type 'any' because no interface 'JSX.IntrinsicElements' exists.
src/pages/Reports.tsx(131,11): error TS17004: Cannot use JSX unless the '--jsx' flag is provided.
src/pages/Reports.tsx(131,52): error TS17004: Cannot use JSX unless the '--jsx' flag is provided.
src/pages/Reports.tsx(131,109): error TS7026: JSX element implicitly has type 'any' because no interface 'JSX.IntrinsicElements' exists.
src/pages/Reports.tsx(133,11): error TS7026: JSX element implicitly has type 'any' because no interface 'JSX.IntrinsicElements' exists.
src/pages/Reports.tsx(133,11): error TS17004: Cannot use JSX unless the '--jsx' flag is provided.
src/pages/Reports.tsx(134,13): error TS17004: Cannot use JSX unless the '--jsx' flag is provided.
src/pages/Reports.tsx(135,13): error TS7026: JSX element implicitly has type 'any' because no interface 'JSX.IntrinsicElements' exists.
src/pages/Reports.tsx(135,13): error TS17004: Cannot use JSX unless the '--jsx' flag is provided.
src/pages/Reports.tsx(135,53): error TS7026: JSX element implicitly has type 'any' because no interface 'JSX.IntrinsicElements' exists.
src/pages/Reports.tsx(136,11): error TS7026: JSX element implicitly has type 'any' because no interface 'JSX.IntrinsicElements' exists.
src/pages/Reports.tsx(138,11): error TS7026: JSX element implicitly has type 'any' because no interface 'JSX.IntrinsicElements' exists.
src/pages/Reports.tsx(138,11): error TS17004: Cannot use JSX unless the '--jsx' flag is provided.
src/pages/Reports.tsx(139,13): error TS7026: JSX element implicitly has type 'any' because no interface 'JSX.IntrinsicElements' exists.
src/pages/Reports.tsx(139,13): error TS17004: Cannot use JSX unless the '--jsx' flag is provided.
src/pages/Reports.tsx(140,15): error TS7026: JSX element implicitly has type 'any' because no interface 'JSX.IntrinsicElements' exists.
src/pages/Reports.tsx(140,15): error TS17004: Cannot use JSX unless the '--jsx' flag is provided.
src/pages/Reports.tsx(141,17): error TS7026: JSX element implicitly has type 'any' because no interface 'JSX.IntrinsicElements' exists.
src/pages/Reports.tsx(141,17): error TS17004: Cannot use JSX unless the '--jsx' flag is provided.
src/pages/Reports.tsx(142,19): error TS7026: JSX element implicitly has type 'any' because no interface 'JSX.IntrinsicElements' exists.
src/pages/Reports.tsx(142,19): error TS17004: Cannot use JSX unless the '--jsx' flag is provided.
src/pages/Reports.tsx(142,59): error TS7026: JSX element implicitly has type 'any' because no interface 'JSX.IntrinsicElements' exists.
src/pages/Reports.tsx(143,19): error TS7026: JSX element implicitly has type 'any' because no interface 'JSX.IntrinsicElements' exists.
src/pages/Reports.tsx(143,19): error TS17004: Cannot use JSX unless the '--jsx' flag is provided.
src/pages/Reports.tsx(143,51): error TS7026: JSX element implicitly has type 'any' because no interface 'JSX.IntrinsicElements' exists.
src/pages/Reports.tsx(144,19): error TS7026: JSX element implicitly has type 'any' because no interface 'JSX.IntrinsicElements' exists.
src/pages/Reports.tsx(144,19): error TS17004: Cannot use JSX unless the '--jsx' flag is provided.
src/pages/Reports.tsx(144,49): error TS7026: JSX element implicitly has type 'any' because no interface 'JSX.IntrinsicElements' exists.
src/pages/Reports.tsx(145,19): error TS7026: JSX element implicitly has type 'any' because no interface 'JSX.IntrinsicElements' exists.
src/pages/Reports.tsx(145,19): error TS17004: Cannot use JSX unless the '--jsx' flag is provided.
src/pages/Reports.tsx(145,51): error TS7026: JSX element implicitly has type 'any' because no interface 'JSX.IntrinsicElements' exists.
src/pages/Reports.tsx(146,19): error TS7026: JSX element implicitly has type 'any' because no interface 'JSX.IntrinsicElements' exists.
src/pages/Reports.tsx(146,19): error TS17004: Cannot use JSX unless the '--jsx' flag is provided.
src/pages/Reports.tsx(146,63): error TS7026: JSX element implicitly has type 'any' because no interface 'JSX.IntrinsicElements' exists.
src/pages/Reports.tsx(147,17): error TS7026: JSX element implicitly has type 'any' because no interface 'JSX.IntrinsicElements' exists.
src/pages/Reports.tsx(148,15): error TS7026: JSX element implicitly has type 'any' because no interface 'JSX.IntrinsicElements' exists.
src/pages/Reports.tsx(149,15): error TS7026: JSX element implicitly has type 'any' because no interface 'JSX.IntrinsicElements' exists.
src/pages/Reports.tsx(149,15): error TS17004: Cannot use JSX unless the '--jsx' flag is provided.
src/pages/Reports.tsx(151,19): error TS7026: JSX element implicitly has type 'any' because no interface 'JSX.IntrinsicElements' exists.
src/pages/Reports.tsx(151,19): error TS17004: Cannot use JSX unless the '--jsx' flag is provided.
src/pages/Reports.tsx(152,21): error TS7026: JSX element implicitly has type 'any' because no interface 'JSX.IntrinsicElements' exists.
src/pages/Reports.tsx(152,21): error TS17004: Cannot use JSX unless the '--jsx' flag is provided.
src/pages/Reports.tsx(153,23): error TS17004: Cannot use JSX unless the '--jsx' flag is provided.
src/pages/Reports.tsx(155,21): error TS7026: JSX element implicitly has type 'any' because no interface 'JSX.IntrinsicElements' exists.
src/pages/Reports.tsx(156,21): error TS7026: JSX element implicitly has type 'any' because no interface 'JSX.IntrinsicElements' exists.
src/pages/Reports.tsx(156,21): error TS17004: Cannot use JSX unless the '--jsx' flag is provided.
src/pages/Reports.tsx(156,89): error TS7026: JSX element implicitly has type 'any' because no interface 'JSX.IntrinsicElements' exists.
src/pages/Reports.tsx(157,21): error TS7026: JSX element implicitly has type 'any' because no interface 'JSX.IntrinsicElements' exists.
src/pages/Reports.tsx(157,21): error TS17004: Cannot use JSX unless the '--jsx' flag is provided.
src/pages/Reports.tsx(159,21): error TS7026: JSX element implicitly has type 'any' because no interface 'JSX.IntrinsicElements' exists.
src/pages/Reports.tsx(160,21): error TS7026: JSX element implicitly has type 'any' because no interface 'JSX.IntrinsicElements' exists.
src/pages/Reports.tsx(160,21): error TS17004: Cannot use JSX unless the '--jsx' flag is provided.
src/pages/Reports.tsx(161,23): error TS7026: JSX element implicitly has type 'any' because no interface 'JSX.IntrinsicElements' exists.
src/pages/Reports.tsx(161,23): error TS17004: Cannot use JSX unless the '--jsx' flag is provided.
src/pages/Reports.tsx(168,23): error TS7026: JSX element implicitly has type 'any' because no interface 'JSX.IntrinsicElements' exists.
src/pages/Reports.tsx(169,21): error TS7026: JSX element implicitly has type 'any' because no interface 'JSX.IntrinsicElements' exists.
src/pages/Reports.tsx(170,21): error TS7026: JSX element implicitly has type 'any' because no interface 'JSX.IntrinsicElements' exists.
src/pages/Reports.tsx(170,21): error TS17004: Cannot use JSX unless the '--jsx' flag is provided.
src/pages/Reports.tsx(172,25): error TS7026: JSX element implicitly has type 'any' because no interface 'JSX.IntrinsicElements' exists.
src/pages/Reports.tsx(172,25): error TS17004: Cannot use JSX unless the '--jsx' flag is provided.
src/pages/Reports.tsx(176,27): error TS17004: Cannot use JSX unless the '--jsx' flag is provided.
src/pages/Reports.tsx(177,25): error TS7026: JSX element implicitly has type 'any' because no interface 'JSX.IntrinsicElements' exists.
src/pages/Reports.tsx(181,25): error TS7026: JSX element implicitly has type 'any' because no interface 'JSX.IntrinsicElements' exists.
src/pages/Reports.tsx(181,25): error TS17004: Cannot use JSX unless the '--jsx' flag is provided.
src/pages/Reports.tsx(186,25): error TS7026: JSX element implicitly has type 'any' because no interface 'JSX.IntrinsicElements' exists.
src/pages/Reports.tsx(188,25): error TS7026: JSX element implicitly has type 'any' because no interface 'JSX.IntrinsicElements' exists.
src/pages/Reports.tsx(188,25): error TS17004: Cannot use JSX unless the '--jsx' flag is provided.
src/pages/Reports.tsx(188,103): error TS17004: Cannot use JSX unless the '--jsx' flag is provided.
src/pages/Reports.tsx(188,160): error TS7026: JSX element implicitly has type 'any' because no interface 'JSX.IntrinsicElements' exists.
src/pages/Reports.tsx(190,21): error TS7026: JSX element implicitly has type 'any' because no interface 'JSX.IntrinsicElements' exists.
src/pages/Reports.tsx(191,19): error TS7026: JSX element implicitly has type 'any' because no interface 'JSX.IntrinsicElements' exists.
src/pages/Reports.tsx(193,15): error TS7026: JSX element implicitly has type 'any' because no interface 'JSX.IntrinsicElements' exists.
src/pages/Reports.tsx(194,13): error TS7026: JSX element implicitly has type 'any' because no interface 'JSX.IntrinsicElements' exists.
src/pages/Reports.tsx(195,11): error TS7026: JSX element implicitly has type 'any' because no interface 'JSX.IntrinsicElements' exists.
src/pages/Reports.tsx(197,7): error TS7026: JSX element implicitly has type 'any' because no interface 'JSX.IntrinsicElements' exists.
src/pages/Reports.tsx(198,5): error TS7026: JSX element implicitly has type 'any' because no interface 'JSX.IntrinsicElements' exists.
src/router.tsx(3,24): error TS6142: Module './components/layout/Layout' was resolved to 'C:/Users/mahdi/Documents/PFE/GRC platform/grc-ai-analyzer/frontend/src/components/layout/Layout.tsx', but '--jsx' is not set.
src/router.tsx(4,23): error TS6142: Module './pages/Login' was resolved to 'C:/Users/mahdi/Documents/PFE/GRC platform/grc-ai-analyzer/frontend/src/pages/Login.tsx', but '--jsx' is not set.
src/router.tsx(5,27): error TS6142: Module './pages/Dashboard' was resolved to 'C:/Users/mahdi/Documents/PFE/GRC platform/grc-ai-analyzer/frontend/src/pages/Dashboard.tsx', but '--jsx' is not set.
src/router.tsx(6,25): error TS6142: Module './pages/Reports' was resolved to 'C:/Users/mahdi/Documents/PFE/GRC platform/grc-ai-analyzer/frontend/src/pages/Reports.tsx', but '--jsx' is not set.
src/router.tsx(7,26): error TS6142: Module './pages/Analysis' was resolved to 'C:/Users/mahdi/Documents/PFE/GRC platform/grc-ai-analyzer/frontend/src/pages/Analysis.tsx', but '--jsx' is not set.
src/router.tsx(10,51): error TS2503: Cannot find namespace 'JSX'.
src/router.tsx(12,32): error TS17004: Cannot use JSX unless the '--jsx' flag is provided.
src/router.tsx(18,5): error TS17004: Cannot use JSX unless the '--jsx' flag is provided.
src/router.tsx(19,7): error TS17004: Cannot use JSX unless the '--jsx' flag is provided.
src/router.tsx(19,37): error TS17004: Cannot use JSX unless the '--jsx' flag is provided.
src/router.tsx(20,7): error TS17004: Cannot use JSX unless the '--jsx' flag is provided.
src/router.tsx(23,11): error TS17004: Cannot use JSX unless the '--jsx' flag is provided.
src/router.tsx(23,12): error TS2741: Property 'children' is missing in type '{}' but required in type '{ children: JSX.Element; }'.
src/router.tsx(24,13): error TS17004: Cannot use JSX unless the '--jsx' flag is provided.
src/router.tsx(28,9): error TS17004: Cannot use JSX unless the '--jsx' flag is provided.
src/router.tsx(28,31): error TS17004: Cannot use JSX unless the '--jsx' flag is provided.
src/router.tsx(29,9): error TS17004: Cannot use JSX unless the '--jsx' flag is provided.
src/router.tsx(29,42): error TS17004: Cannot use JSX unless the '--jsx' flag is provided.
src/router.tsx(30,9): error TS17004: Cannot use JSX unless the '--jsx' flag is provided.
src/router.tsx(30,40): error TS17004: Cannot use JSX unless the '--jsx' flag is provided.
src/router.tsx(31,9): error TS17004: Cannot use JSX unless the '--jsx' flag is provided.
src/router.tsx(31,45): error TS17004: Cannot use JSX unless the '--jsx' flag is provided.
src/router.tsx(33,7): error TS17004: Cannot use JSX unless the '--jsx' flag is provided.
src/router.tsx(33,32): error TS17004: Cannot use JSX unless the '--jsx' flag is provided.
src/store/authStore.ts(3,10): error TS1484: 'User' is a type and must be imported using a type-only import when 'verbatimModuleSyntax' is enabled.
src/store/reportStore.ts(2,10): error TS1484: 'Rapport' is a type and must be imported using a type-only import when 'verbatimModuleSyntax' is enabled.
