\BOOKMARK [0][-]{chapter*.1}{\376\377\000D\000\351\000d\000i\000c\000a\000c\000e}{}% 1
\BOOKMARK [0][-]{chapter*.2}{\376\377\000R\000e\000m\000e\000r\000c\000i\000e\000m\000e\000n\000t\000s}{}% 2
\BOOKMARK [0][-]{chapter*.3}{\376\377\000R\000\351\000s\000u\000m\000\351}{}% 3
\BOOKMARK [0][-]{chapter*.4}{\376\377\000A\000b\000s\000t\000r\000a\000c\000t}{}% 4
\BOOKMARK [0][-]{chapter*.8}{\376\377\000L\000i\000s\000t\000e\000\040\000d\000e\000s\000\040\000a\000c\000r\000o\000n\000y\000m\000e\000s}{}% 5
\BOOKMARK [0][-]{chapter.1}{\376\377\000P\000r\000\351\000s\000e\000n\000t\000a\000t\000i\000o\000n\000\040\000d\000u\000\040\000c\000a\000d\000r\000e\000\040\000d\000u\000\040\000p\000r\000o\000j\000e\000t}{}% 6
\BOOKMARK [1][-]{section.1.1}{\376\377\000I\000n\000t\000r\000o\000d\000u\000c\000t\000i\000o\000n}{chapter.1}% 7
\BOOKMARK [1][-]{section.1.2}{\376\377\000P\000r\000\351\000s\000e\000n\000t\000a\000t\000i\000o\000n\000\040\000d\000e\000\040\000l\000'\000o\000r\000g\000a\000n\000i\000s\000m\000e\000\040\000d\000'\000a\000c\000c\000u\000e\000i\000l}{chapter.1}% 8
\BOOKMARK [2][-]{subsection.1.2.1}{\376\377\000P\000r\000\351\000s\000e\000n\000t\000a\000t\000i\000o\000n\000\040\000g\000\351\000n\000\351\000r\000a\000l\000e}{section.1.2}% 9
\BOOKMARK [2][-]{subsection.1.2.2}{\376\377\000D\000o\000m\000a\000i\000n\000e\000s\000\040\000d\000'\000e\000x\000p\000e\000r\000t\000i\000s\000e\000\040\000e\000t\000\040\000o\000f\000f\000r\000e\000\040\000d\000e\000\040\000s\000e\000r\000v\000i\000c\000e\000s}{section.1.2}% 10
\BOOKMARK [2][-]{subsection.1.2.3}{\376\377\000P\000o\000s\000i\000t\000i\000o\000n\000n\000e\000m\000e\000n\000t\000\040\000e\000t\000\040\000c\000l\000i\000e\000n\000t\000\350\000l\000e}{section.1.2}% 11
\BOOKMARK [2][-]{subsection.1.2.4}{\376\377\000C\000a\000d\000r\000e\000\040\000d\000u\000\040\000p\000r\000o\000j\000e\000t\000\040\000G\000R\000C\000\040\000A\000I\000\040\000A\000n\000a\000l\000y\000z\000e\000r}{section.1.2}% 12
\BOOKMARK [1][-]{section.1.3}{\376\377\000C\000o\000n\000t\000e\000x\000t\000e\000\040\000m\000\351\000t\000i\000e\000r\000\040\000:\000\040\000l\000a\000\040\000G\000o\000u\000v\000e\000r\000n\000a\000n\000c\000e\000,\000\040\000l\000e\000\040\000R\000i\000s\000q\000u\000e\000\040\000e\000t\000\040\000l\000a\000\040\000C\000o\000n\000f\000o\000r\000m\000i\000t\000\351\000\040\000\050\000G\000R\000C\000\051}{chapter.1}% 13
\BOOKMARK [2][-]{subsection.1.3.1}{\376\377\000L\000e\000s\000\040\000t\000r\000o\000i\000s\000\040\000p\000i\000l\000i\000e\000r\000s\000\040\000d\000e\000\040\000l\000a\000\040\000G\000R\000C}{section.1.3}% 14
\BOOKMARK [2][-]{subsection.1.3.2}{\376\377\000C\000a\000d\000r\000e\000s\000\040\000r\000\351\000g\000l\000e\000m\000e\000n\000t\000a\000i\000r\000e\000s\000\040\000e\000t\000\040\000n\000o\000r\000m\000a\000t\000i\000f\000s\000\040\000r\000e\000t\000e\000n\000u\000s}{section.1.3}% 15
\BOOKMARK [2][-]{subsection.1.3.3}{\376\377\000E\000n\000j\000e\000u\000x\000\040\000d\000e\000\040\000l\000'\000a\000n\000a\000l\000y\000s\000e\000\040\000d\000o\000c\000u\000m\000e\000n\000t\000a\000i\000r\000e\000\040\000G\000R\000C}{section.1.3}% 16
\BOOKMARK [1][-]{section.1.4}{\376\377\000\311\000t\000u\000d\000e\000\040\000d\000e\000\040\000l\000'\000e\000x\000i\000s\000t\000a\000n\000t}{chapter.1}% 17
\BOOKMARK [2][-]{subsection.1.4.1}{\376\377\000P\000r\000a\000t\000i\000q\000u\000e\000s\000\040\000a\000c\000t\000u\000e\000l\000l\000e\000s\000\040\000d\000'\000a\000n\000a\000l\000y\000s\000e\000\040\000d\000e\000s\000\040\000r\000a\000p\000p\000o\000r\000t\000s\000\040\000G\000R\000C}{section.1.4}% 18
\BOOKMARK [2][-]{subsection.1.4.2}{\376\377\000L\000i\000m\000i\000t\000e\000s\000\040\000d\000e\000s\000\040\000a\000p\000p\000r\000o\000c\000h\000e\000s\000\040\000e\000x\000i\000s\000t\000a\000n\000t\000e\000s}{section.1.4}% 19
\BOOKMARK [2][-]{subsection.1.4.3}{\376\377\000S\000o\000l\000u\000t\000i\000o\000n\000s\000\040\000d\000u\000\040\000m\000a\000r\000c\000h\000\351\000\040\000e\000t\000\040\000l\000i\000m\000i\000t\000e\000s\000\040\000d\000e\000\040\000l\000'\000e\000x\000i\000s\000t\000a\000n\000t}{section.1.4}% 20
\BOOKMARK [1][-]{section.1.5}{\376\377\000P\000r\000o\000b\000l\000\351\000m\000a\000t\000i\000q\000u\000e\000\040\000d\000u\000\040\000p\000r\000o\000j\000e\000t}{chapter.1}% 21
\BOOKMARK [1][-]{section.1.6}{\376\377\000S\000o\000l\000u\000t\000i\000o\000n\000\040\000e\000n\000v\000i\000s\000a\000g\000\351\000e}{chapter.1}% 22
\BOOKMARK [1][-]{section.1.7}{\376\377\000O\000b\000j\000e\000c\000t\000i\000f\000s\000\040\000d\000u\000\040\000p\000r\000o\000j\000e\000t}{chapter.1}% 23
\BOOKMARK [1][-]{section.1.8}{\376\377\000C\000o\000n\000d\000u\000i\000t\000e\000\040\000d\000u\000\040\000p\000r\000o\000j\000e\000t}{chapter.1}% 24
\BOOKMARK [1][-]{section.1.9}{\376\377\000C\000o\000n\000c\000l\000u\000s\000i\000o\000n}{chapter.1}% 25
\BOOKMARK [0][-]{chapter.2}{\376\377\000E\000t\000u\000d\000e\000\040\000e\000t\000\040\000A\000n\000a\000l\000y\000s\000e\000\040\000d\000e\000\040\000L\000'\000e\000x\000i\000s\000t\000a\000n\000t}{}% 26
\BOOKMARK [1][-]{section.2.1}{\376\377\000A\000n\000a\000l\000y\000s\000e\000\040\000d\000e\000s\000\040\000B\000e\000s\000o\000i\000n\000s}{chapter.2}% 27
\BOOKMARK [2][-]{subsection.2.1.1}{\376\377\000I\000d\000e\000n\000t\000i\000f\000i\000c\000a\000t\000i\000o\000n\000\040\000d\000e\000s\000\040\000a\000c\000t\000e\000u\000r\000s}{section.2.1}% 28
\BOOKMARK [2][-]{subsection.2.1.2}{\376\377\000B\000e\000s\000o\000i\000n\000s\000\040\000f\000o\000n\000c\000t\000i\000o\000n\000n\000e\000l\000s}{section.2.1}% 29
\BOOKMARK [2][-]{subsection.2.1.3}{\376\377\000B\000e\000s\000o\000i\000n\000s\000\040\000n\000o\000n\000\040\000f\000o\000n\000c\000t\000i\000o\000n\000n\000e\000l\000s}{section.2.1}% 30
\BOOKMARK [1][-]{section.2.2}{\376\377\000D\000i\000a\000g\000r\000a\000m\000m\000e\000\040\000d\000e\000s\000\040\000C\000a\000s\000\040\000d\000'\000U\000t\000i\000l\000i\000s\000a\000t\000i\000o\000n}{chapter.2}% 31
\BOOKMARK [2][-]{subsection.2.2.1}{\376\377\000D\000e\000s\000c\000r\000i\000p\000t\000i\000o\000n\000\040\000g\000\351\000n\000\351\000r\000a\000l\000e}{section.2.2}% 32
\BOOKMARK [2][-]{subsection.2.2.2}{\376\377\000D\000e\000s\000c\000r\000i\000p\000t\000i\000o\000n\000\040\000d\000e\000s\000\040\000c\000a\000s\000\040\000d\000'\000u\000t\000i\000l\000i\000s\000a\000t\000i\000o\000n\000\040\000p\000r\000i\000n\000c\000i\000p\000a\000u\000x}{section.2.2}% 33
\BOOKMARK [1][-]{section.2.3}{\376\377\000D\000i\000a\000g\000r\000a\000m\000m\000e\000\040\000d\000e\000\040\000C\000l\000a\000s\000s\000e\000s}{chapter.2}% 34
\BOOKMARK [2][-]{subsection.2.3.1}{\376\377\000V\000u\000e\000\040\000d\000'\000e\000n\000s\000e\000m\000b\000l\000e}{section.2.3}% 35
\BOOKMARK [2][-]{subsection.2.3.2}{\376\377\000D\000e\000s\000c\000r\000i\000p\000t\000i\000o\000n\000\040\000d\000e\000s\000\040\000c\000l\000a\000s\000s\000e\000s\000\040\000p\000r\000i\000n\000c\000i\000p\000a\000l\000e\000s}{section.2.3}% 36
\BOOKMARK [2][-]{subsection.2.3.3}{\376\377\000R\000e\000l\000a\000t\000i\000o\000n\000s\000\040\000e\000n\000t\000r\000e\000\040\000c\000l\000a\000s\000s\000e\000s}{section.2.3}% 37
\BOOKMARK [1][-]{section.2.4}{\376\377\000D\000i\000a\000g\000r\000a\000m\000m\000e\000\040\000d\000e\000\040\000S\000\351\000q\000u\000e\000n\000c\000e}{chapter.2}% 38
\BOOKMARK [2][-]{subsection.2.4.1}{\376\377\000S\000\351\000q\000u\000e\000n\000c\000e\000\040\000p\000r\000i\000n\000c\000i\000p\000a\000l\000e\000\040\000:\000\040\000A\000n\000a\000l\000y\000s\000e\000\040\000d\000'\000u\000n\000\040\000r\000a\000p\000p\000o\000r\000t\000\040\000G\000R\000C}{section.2.4}% 39
\BOOKMARK [2][-]{subsection.2.4.2}{\376\377\000D\000e\000s\000c\000r\000i\000p\000t\000i\000o\000n\000\040\000d\000\351\000t\000a\000i\000l\000l\000\351\000e\000\040\000d\000e\000s\000\040\000i\000n\000t\000e\000r\000a\000c\000t\000i\000o\000n\000s}{section.2.4}% 40
\BOOKMARK [1][-]{section.2.5}{\376\377\000D\000i\000a\000g\000r\000a\000m\000m\000e\000\040\000d\000'\000A\000c\000t\000i\000v\000i\000t\000\351}{chapter.2}% 41
\BOOKMARK [2][-]{subsection.2.5.1}{\376\377\000V\000u\000e\000\040\000d\000'\000e\000n\000s\000e\000m\000b\000l\000e\000\040\000d\000u\000\040\000f\000l\000u\000x\000\040\000d\000e\000\040\000t\000r\000a\000i\000t\000e\000m\000e\000n\000t}{section.2.5}% 42
\BOOKMARK [2][-]{subsection.2.5.2}{\376\377\000D\000e\000s\000c\000r\000i\000p\000t\000i\000o\000n\000\040\000d\000e\000s\000\040\000a\000c\000t\000i\000v\000i\000t\000\351\000s}{section.2.5}% 43
\BOOKMARK [0][-]{chapter.3}{\376\377\000C\000o\000n\000c\000e\000p\000t\000i\000o\000n\000\040\000t\000e\000c\000h\000n\000i\000q\000u\000e\000\040\000e\000t\000\040\000c\000h\000o\000i\000x\000\040\000t\000e\000c\000h\000n\000o\000l\000o\000g\000i\000q\000u\000e\000s}{}% 44
\BOOKMARK [1][-]{section.3.1}{\376\377\000I\000n\000t\000r\000o\000d\000u\000c\000t\000i\000o\000n}{chapter.3}% 45
\BOOKMARK [1][-]{section.3.2}{\376\377\000V\000i\000s\000i\000o\000n\000\040\000g\000\351\000n\000\351\000r\000a\000l\000e\000\040\000d\000e\000\040\000l\000a\000\040\000s\000o\000l\000u\000t\000i\000o\000n\000\040\000c\000i\000b\000l\000e}{chapter.3}% 46
\BOOKMARK [2][-]{subsection.3.2.1}{\376\377\000P\000r\000i\000n\000c\000i\000p\000e\000s\000\040\000d\000i\000r\000e\000c\000t\000e\000u\000r\000s}{section.3.2}% 47
\BOOKMARK [1][-]{section.3.3}{\376\377\000A\000r\000c\000h\000i\000t\000e\000c\000t\000u\000r\000e\000\040\000e\000n\000\040\000c\000o\000u\000c\000h\000e\000s\000\040\000d\000u\000\040\000b\000a\000c\000k\000e\000n\000d}{chapter.3}% 48
\BOOKMARK [1][-]{section.3.4}{\376\377\000P\000i\000p\000e\000l\000i\000n\000e\000\040\000d\000'\000a\000n\000a\000l\000y\000s\000e\000\040\000a\000s\000y\000n\000c\000h\000r\000o\000n\000e\000\040\000e\000n\000\040\000d\000e\000u\000x\000\040\000p\000h\000a\000s\000e\000s}{chapter.3}% 49
\BOOKMARK [1][-]{section.3.5}{\376\377\000M\000o\000d\000\350\000l\000e\000\040\000R\000A\000G}{chapter.3}% 50
\BOOKMARK [1][-]{section.3.6}{\376\377\000M\000o\000d\000\350\000l\000e\000\040\000d\000e\000\040\000d\000o\000n\000n\000\351\000e\000s\000\040\000\050\000P\000o\000s\000t\000g\000r\000e\000S\000Q\000L\000\051}{chapter.3}% 51
\BOOKMARK [1][-]{section.3.7}{\376\377\000C\000h\000o\000i\000x\000\040\000t\000e\000c\000h\000n\000o\000l\000o\000g\000i\000q\000u\000e\000s}{chapter.3}% 52
\BOOKMARK [1][-]{section.3.8}{\376\377\000P\000r\000i\000n\000c\000i\000p\000e\000s\000\040\000d\000e\000\040\000s\000\351\000c\000u\000r\000i\000t\000\351\000\040\000r\000e\000t\000e\000n\000u\000s}{chapter.3}% 53
\BOOKMARK [1][-]{section.3.9}{\376\377\000C\000o\000n\000c\000l\000u\000s\000i\000o\000n}{chapter.3}% 54
\BOOKMARK [0][-]{chapter.4}{\376\377\000S\000p\000r\000i\000n\000t\000\040\0001\000\040\000:\000\040\000A\000u\000t\000h\000e\000n\000t\000i\000f\000i\000c\000a\000t\000i\000o\000n\000\040\000e\000t\000\040\000g\000e\000s\000t\000i\000o\000n\000\040\000d\000e\000s\000\040\000u\000t\000i\000l\000i\000s\000a\000t\000e\000u\000r\000s}{}% 55
\BOOKMARK [1][-]{section.4.1}{\376\377\000I\000n\000t\000r\000o\000d\000u\000c\000t\000i\000o\000n}{chapter.4}% 56
\BOOKMARK [1][-]{section.4.2}{\376\377\000O\000b\000j\000e\000c\000t\000i\000f\000s\000\040\000e\000t\000\040\000p\000\351\000r\000i\000m\000\350\000t\000r\000e}{chapter.4}% 57
\BOOKMARK [1][-]{section.4.3}{\376\377\000D\000i\000a\000g\000r\000a\000m\000m\000e\000\040\000d\000e\000\040\000s\000\351\000q\000u\000e\000n\000c\000e\000\040\000:\000\040\000c\000o\000n\000n\000e\000x\000i\000o\000n}{chapter.4}% 58
\BOOKMARK [1][-]{section.4.4}{\376\377\000E\000x\000t\000r\000a\000i\000t\000\040\000d\000e\000\040\000c\000o\000d\000e\000\040\000:\000\040\000g\000\351\000n\000\351\000r\000a\000t\000i\000o\000n\000\040\000J\000W\000T}{chapter.4}% 59
\BOOKMARK [1][-]{section.4.5}{\376\377\000R\000\351\000s\000u\000l\000t\000a\000t\000s\000\040\000f\000o\000n\000c\000t\000i\000o\000n\000n\000e\000l\000s}{chapter.4}% 60
\BOOKMARK [2][-]{subsection.4.5.1}{\376\377\000I\000n\000t\000e\000r\000f\000a\000c\000e\000\040\000d\000e\000\040\000c\000o\000n\000n\000e\000x\000i\000o\000n}{section.4.5}% 61
\BOOKMARK [2][-]{subsection.4.5.2}{\376\377\000I\000n\000t\000e\000r\000f\000a\000c\000e\000\040\000d\000'\000i\000n\000s\000c\000r\000i\000p\000t\000i\000o\000n}{section.4.5}% 62
\BOOKMARK [2][-]{subsection.4.5.3}{\376\377\000P\000o\000l\000i\000t\000i\000q\000u\000e\000\040\000d\000e\000\040\000m\000o\000t\000\040\000d\000e\000\040\000p\000a\000s\000s\000e}{section.4.5}% 63
\BOOKMARK [1][-]{section.4.6}{\376\377\000D\000i\000f\000f\000i\000c\000u\000l\000t\000\351\000s\000\040\000r\000e\000n\000c\000o\000n\000t\000r\000\351\000e\000s}{chapter.4}% 64
\BOOKMARK [1][-]{section.4.7}{\376\377\000B\000i\000l\000a\000n\000\040\000d\000u\000\040\000S\000p\000r\000i\000n\000t\000\040\0001}{chapter.4}% 65
\BOOKMARK [0][-]{chapter.5}{\376\377\000S\000p\000r\000i\000n\000t\000\040\0002\000\040\000:\000\040\000U\000p\000l\000o\000a\000d\000\040\000e\000t\000\040\000p\000a\000r\000s\000i\000n\000g\000\040\000d\000o\000c\000u\000m\000e\000n\000t\000a\000i\000r\000e}{}% 66
\BOOKMARK [1][-]{section.5.1}{\376\377\000I\000n\000t\000r\000o\000d\000u\000c\000t\000i\000o\000n}{chapter.5}% 67
\BOOKMARK [1][-]{section.5.2}{\376\377\000O\000b\000j\000e\000c\000t\000i\000f\000s}{chapter.5}% 68
\BOOKMARK [1][-]{section.5.3}{\376\377\000A\000r\000c\000h\000i\000t\000e\000c\000t\000u\000r\000e\000\040\000d\000u\000\040\000m\000o\000d\000u\000l\000e}{chapter.5}% 69
\BOOKMARK [1][-]{section.5.4}{\376\377\000S\000t\000r\000a\000t\000\351\000g\000i\000e\000s\000\040\000d\000'\000e\000x\000t\000r\000a\000c\000t\000i\000o\000n\000\040\000p\000a\000r\000\040\000f\000o\000r\000m\000a\000t}{chapter.5}% 70
\BOOKMARK [1][-]{section.5.5}{\376\377\000C\000h\000u\000n\000k\000i\000n\000g\000\040\000e\000t\000\040\000p\000r\000\351\000p\000a\000r\000a\000t\000i\000o\000n\000\040\000p\000o\000u\000r\000\040\000l\000e\000\040\000R\000A\000G}{chapter.5}% 71
\BOOKMARK [1][-]{section.5.6}{\376\377\000B\000i\000l\000a\000n\000\040\000d\000u\000\040\000S\000p\000r\000i\000n\000t\000\040\0002}{chapter.5}% 72
\BOOKMARK [0][-]{chapter.6}{\376\377\000S\000p\000r\000i\000n\000t\000\040\0003\000\040\000:\000\040\000P\000i\000p\000e\000l\000i\000n\000e\000\040\000d\000'\000a\000n\000a\000l\000y\000s\000e\000\040\000I\000A}{}% 73
\BOOKMARK [1][-]{section.6.1}{\376\377\000I\000n\000t\000r\000o\000d\000u\000c\000t\000i\000o\000n}{chapter.6}% 74
\BOOKMARK [1][-]{section.6.2}{\376\377\000A\000r\000c\000h\000i\000t\000e\000c\000t\000u\000r\000e\000\040\000d\000u\000\040\000p\000i\000p\000e\000l\000i\000n\000e}{chapter.6}% 75
\BOOKMARK [1][-]{section.6.3}{\376\377\000P\000r\000o\000m\000p\000t\000\040\000e\000n\000g\000i\000n\000e\000e\000r\000i\000n\000g}{chapter.6}% 76
\BOOKMARK [1][-]{section.6.4}{\376\377\000S\000\351\000r\000i\000a\000l\000i\000s\000a\000t\000i\000o\000n\000\040\000d\000e\000s\000\040\000a\000p\000p\000e\000l\000s\000\040\000M\000i\000s\000t\000r\000a\000l}{chapter.6}% 77
\BOOKMARK [1][-]{section.6.5}{\376\377\000R\000\351\000s\000u\000l\000t\000a\000t\000s}{chapter.6}% 78
\BOOKMARK [2][-]{subsection.6.5.1}{\376\377\000M\000a\000t\000r\000i\000c\000e\000\040\000p\000r\000o\000b\000a\000b\000i\000l\000i\000t\000\351\000/\000i\000m\000p\000a\000c\000t\000\040\000d\000e\000s\000\040\000r\000i\000s\000q\000u\000e\000s}{section.6.5}% 79
\BOOKMARK [2][-]{subsection.6.5.2}{\376\377\000R\000a\000d\000a\000r\000\040\000d\000e\000\040\000c\000o\000n\000f\000o\000r\000m\000i\000t\000\351}{section.6.5}% 80
\BOOKMARK [1][-]{section.6.6}{\376\377\000B\000i\000l\000a\000n\000\040\000d\000u\000\040\000S\000p\000r\000i\000n\000t\000\040\0003}{chapter.6}% 81
\BOOKMARK [0][-]{chapter.7}{\376\377\000S\000p\000r\000i\000n\000t\000\040\0004\000\040\000:\000\040\000R\000A\000G\000\040\000e\000t\000\040\000c\000h\000a\000t\000\040\000c\000o\000n\000v\000e\000r\000s\000a\000t\000i\000o\000n\000n\000e\000l}{}% 82
\BOOKMARK [1][-]{section.7.1}{\376\377\000I\000n\000t\000r\000o\000d\000u\000c\000t\000i\000o\000n}{chapter.7}% 83
\BOOKMARK [1][-]{section.7.2}{\376\377\000I\000n\000d\000e\000x\000a\000t\000i\000o\000n\000\040\000v\000e\000c\000t\000o\000r\000i\000e\000l\000l\000e}{chapter.7}% 84
\BOOKMARK [1][-]{section.7.3}{\376\377\000P\000i\000p\000e\000l\000i\000n\000e\000\040\000d\000e\000\040\000q\000u\000e\000s\000t\000i\000o\000n\000-\000r\000\351\000p\000o\000n\000s\000e}{chapter.7}% 85
\BOOKMARK [1][-]{section.7.4}{\376\377\000T\000o\000l\000\351\000r\000a\000n\000c\000e\000\040\000a\000u\000x\000\040\000p\000a\000n\000n\000e\000s}{chapter.7}% 86
\BOOKMARK [1][-]{section.7.5}{\376\377\000R\000\351\000s\000u\000l\000t\000a\000t\000s}{chapter.7}% 87
\BOOKMARK [0][-]{chapter.8}{\376\377\000S\000p\000r\000i\000n\000t\000\040\0005\000\040\000:\000\040\000D\000a\000s\000h\000b\000o\000a\000r\000d\000s\000,\000\040\000e\000x\000p\000o\000r\000t\000s\000\040\000e\000t\000\040\000s\000u\000p\000e\000r\000v\000i\000s\000i\000o\000n}{}% 88
\BOOKMARK [1][-]{section.8.1}{\376\377\000I\000n\000t\000r\000o\000d\000u\000c\000t\000i\000o\000n}{chapter.8}% 89
\BOOKMARK [1][-]{section.8.2}{\376\377\000T\000a\000b\000l\000e\000a\000u\000\040\000d\000e\000\040\000b\000o\000r\000d\000\040\000u\000t\000i\000l\000i\000s\000a\000t\000e\000u\000r}{chapter.8}% 90
\BOOKMARK [1][-]{section.8.3}{\376\377\000E\000x\000p\000o\000r\000t\000s\000\040\000p\000r\000o\000f\000e\000s\000s\000i\000o\000n\000n\000e\000l\000s}{chapter.8}% 91
\BOOKMARK [1][-]{section.8.4}{\376\377\000P\000o\000l\000l\000i\000n\000g\000\040\000c\000\364\000t\000\351\000\040\000f\000r\000o\000n\000t\000e\000n\000d}{chapter.8}% 92
\BOOKMARK [1][-]{section.8.5}{\376\377\000T\000a\000b\000l\000e\000a\000u\000\040\000d\000'\000a\000d\000m\000i\000n\000i\000s\000t\000r\000a\000t\000i\000o\000n}{chapter.8}% 93
\BOOKMARK [0][-]{chapter*.10}{\376\377\000C\000o\000n\000c\000l\000u\000s\000i\000o\000n\000\040\000g\000\351\000n\000\351\000r\000a\000l\000e}{}% 94
\BOOKMARK [0][-]{chapter*.11}{\376\377\000B\000i\000b\000l\000i\000o\000g\000r\000a\000p\000h\000i\000e}{}% 95
